{
  "status": "passed",
  "inference_calls_verified": 3216,
  "videos": 37,
  "frames_per_condition": 16862,
  "raw_image_hashes_verified": 6366,
  "protected_stage4_files_unchanged": 6837,
  "all_inference_before_label_open": true,
  "postprocessing_passes_verified": 1,
  "cached_baselines_exact": true,
  "postprocessing_reconstructed": true,
  "four_score_stage_metrics_recomputed": true,
  "window_label_alignment_verified": true,
  "source_model_config_frozen": true,
  "requested_output_field_diagnostics": {
    "P1": {
      "records": 1072,
      "all_requested_fields_present": 1072
    },
    "P2": {
      "records": 1072,
      "all_requested_fields_present": 1072
    },
    "P3": {
      "records": 1072,
      "all_requested_fields_present": 1072
    }
  },
  "token_lengths": {
    "P1": {
      "mean": 88.59888059701493,
      "max": 174,
      "possible_limit": 0
    },
    "P2": {
      "mean": 91.56716417910448,
      "max": 180,
      "possible_limit": 0
    },
    "P3": {
      "mean": 71.7276119402985,
      "max": 105,
      "possible_limit": 0
    }
  }
}
