{
  "ONE": {
    "initial": {
      "auroc": 50.0,
      "ap": 20.204942350874184
    },
    "retrieved": {
      "auroc": 48.57573363154232,
      "ap": 20.078533923681334
    },
    "smoothed": {
      "auroc": 56.10715902822815,
      "ap": 22.50962126597115
    },
    "final": {
      "auroc": 58.9536619050339,
      "ap": 24.903556953072936
    }
  },
  "ORACLE": {
    "initial": {
      "auroc": 99.56775086615335,
      "ap": 95.86869251605327
    },
    "retrieved": {
      "auroc": 99.72267414876383,
      "ap": 96.86894767418977
    },
    "smoothed": {
      "auroc": 99.91853005114399,
      "ap": 99.12806360336269
    },
    "final": {
      "auroc": 99.7872556851044,
      "ap": 98.32607717707498
    }
  },
  "RANDOM": {
    "initial": {
      "auroc": 46.915102591200096,
      "ap": 20.553527216523726
    },
    "retrieved": {
      "auroc": 46.00958657594204,
      "ap": 19.976586143720862
    },
    "smoothed": {
      "auroc": 48.434684119550994,
      "ap": 23.931053158192448
    },
    "final": {
      "auroc": 52.702436819151025,
      "ap": 23.408736518931804
    }
  },
  "ZERO": {
    "initial": {
      "auroc": 50.0,
      "ap": 20.204942350874184
    },
    "retrieved": {
      "auroc": 50.0,
      "ap": 20.204942350874184
    },
    "smoothed": {
      "auroc": 50.0,
      "ap": 20.204942350874184
    },
    "final": {
      "auroc": 50.0,
      "ap": 20.204942350874184
    }
  }
}
