{
  "status": "passed",
  "experiment_status": "complete",
  "candidate_rules": 5,
  "schema_invalid": 0,
  "duplicate_rules": 4,
  "unique_text_rules": 1,
  "grounded_rules": 1,
  "accepted_rules": 1,
  "accepted_rule_ids": [
    "N1"
  ],
  "per_video_grounding_calls": 14,
  "grounding_by_rule": {
    "N1": {
      "grounded": 12,
      "none": 2,
      "failed": 0
    }
  },
  "grounding_failures": 0,
  "fact_table_rows": 79,
  "per_rule_checks": {
    "N1": {
      "visual": {
        "supported": 12,
        "contradicted": 0,
        "unobservable": 0,
        "failed": 0
      },
      "audit": {
        "supported": 100,
        "contradicted": 0,
        "unobservable": 0,
        "failed": 0
      }
    },
    "N2": {
      "audit": {
        "supported": 0,
        "contradicted": 0,
        "unobservable": 0,
        "failed": 0
      }
    },
    "N3": {
      "audit": {
        "supported": 0,
        "contradicted": 0,
        "unobservable": 0,
        "failed": 0
      }
    },
    "N4": {
      "audit": {
        "supported": 0,
        "contradicted": 0,
        "unobservable": 0,
        "failed": 0
      }
    },
    "N5": {
      "audit": {
        "supported": 0,
        "contradicted": 0,
        "unobservable": 0,
        "failed": 0
      }
    }
  },
  "support_calls": 12,
  "audit_windows": 100,
  "audit_checks": 100,
  "candidate_text_immutable": true,
  "all_grounded_evidence_visually_checked": true,
  "normal_train_only": true,
  "source_hashes_verified": true,
  "cache_files_unchanged": true,
  "protected_R01_R03_files": 5635,
  "R01_R03_unchanged": true
}
