{"event": "bootstrap_scene_complete", "scene": "R01"}
{"event": "bootstrap_scene_complete", "scene": "R02"}
{"event": "bootstrap_scene_complete", "scene": "R03"}
{"event": "bootstrap_scene_complete", "scene": "R04"}
{"event": "bootstrap_scene_complete", "scene": "pooled"}
{
  "event": "analysis_complete",
  "primary_macro_initial_delta": {
    "auroc": {
      "point": -5.932428628396636,
      "low": -8.730027617463609,
      "high": -2.2838782198254286,
      "valid_resamples": 1566,
      "undefined_resamples": 434
    },
    "ap": {
      "point": -0.19101114801065222,
      "low": -0.42846958274118707,
      "high": 0.1782356474731306,
      "valid_resamples": 1566,
      "undefined_resamples": 434
    }
  },
  "all_one_macro_final": {
    "auroc": 58.9536619050339,
    "ap": 24.903556953072936
  }
}
