{
  "A": {
    "frames": 16862,
    "macro": {
      "auroc": 49.102503542749176,
      "ap": 20.204942350874184
    },
    "pooled": {
      "auroc": 48.878973375617676,
      "ap": 19.588423674534454
    },
    "initial_binary_pooled": {
      "tp": 0,
      "fp": 16,
      "tn": 13543,
      "fn": 3303,
      "recall": 0.0,
      "fpr": 0.0011800280256656095
    }
  },
  "B": {
    "frames": 16862,
    "macro": {
      "auroc": 50.42048173504231,
      "ap": 21.7908947235225
    },
    "pooled": {
      "auroc": 50.734016373246114,
      "ap": 22.043686054551756
    },
    "initial_binary_pooled": {
      "tp": 0,
      "fp": 32,
      "tn": 13527,
      "fn": 3303,
      "recall": 0.0,
      "fpr": 0.002360056051331219
    }
  },
  "C": {
    "frames": 16862,
    "macro": {
      "auroc": 50.0,
      "ap": 20.204942350874184
    },
    "pooled": {
      "auroc": 50.0,
      "ap": 19.588423674534454
    },
    "initial_binary_pooled": {
      "tp": 0,
      "fp": 0,
      "tn": 13559,
      "fn": 3303,
      "recall": 0.0,
      "fpr": 0.0
    }
  }
}
