/home/jeong/Desktop/IPAD/cache/vera/venv/lib/python3.13/site-packages/timm/models/layers/__init__.py:49: FutureWarning: Importing from timm.models.layers is deprecated, please import via timm.layers
  warnings.warn(f"Importing from {__name__} is deprecated, please import via timm.layers", FutureWarning)
InternLM2ForCausalLM has generative capabilities, as `prepare_inputs_for_generation` is explicitly overwritten. However, it doesn't directly inherit from `GenerationMixin`. From 👉v4.50👈 onwards, `PreTrainedModel` will NOT inherit from `GenerationMixin`, and this model will lose the ability to call `generate` and other related functions.
  - If you're using `trust_remote_code=True`, you can get rid of this warning by loading the model with an auto class. See https://huggingface.co/docs/transformers/en/model_doc/auto#auto-classes
  - If you are the owner of the model architecture code, please modify your model class such that it inherits from `GenerationMixin` (after `PreTrainedModel`, otherwise you'll get an exception).
  - If you are not the owner of the model architecture class, please contact the model code owner to update it.
FlashAttention2 is not installed.
Warning: Flash attention is not available, using eager attention instead.
Loading checkpoint shards:   0%|          | 0/4 [00:00<?, ?it/s]Loading checkpoint shards: 100%|██████████| 4/4 [00:00<00:00, 101.84it/s]
{"event": "validation", "step": 0, "correct": 11, "total": 17, "accuracy": 0.6470588235294118}
{"event": "iteration", "iteration": 1, "epoch": 1, "correct": 1, "optimizer_parse_error": null, "seconds": 7.264667014125735}
{"event": "iteration", "iteration": 2, "epoch": 1, "correct": 1, "optimizer_parse_error": null, "seconds": 8.705329288961366}
{"event": "iteration", "iteration": 3, "epoch": 1, "correct": 2, "optimizer_parse_error": null, "seconds": 9.493914353195578}
{"event": "iteration", "iteration": 4, "epoch": 1, "correct": 2, "optimizer_parse_error": null, "seconds": 8.090984956128523}
{"event": "iteration", "iteration": 5, "epoch": 1, "correct": 1, "optimizer_parse_error": null, "seconds": 9.347283661132678}
{"event": "iteration", "iteration": 6, "epoch": 1, "correct": 2, "optimizer_parse_error": null, "seconds": 8.023390503134578}
{"event": "iteration", "iteration": 7, "epoch": 1, "correct": 2, "optimizer_parse_error": null, "seconds": 8.01317884027958}
{"event": "iteration", "iteration": 8, "epoch": 1, "correct": 0, "optimizer_parse_error": null, "seconds": 10.829063911922276}
{"event": "iteration", "iteration": 9, "epoch": 1, "correct": 0, "optimizer_parse_error": "Optimizer did not return 1..5 numbered questions", "seconds": 11.062818799866363}
{"event": "iteration", "iteration": 10, "epoch": 1, "correct": 1, "optimizer_parse_error": "Optimizer did not return 1..5 numbered questions", "seconds": 9.808280475903302}
{"event": "iteration", "iteration": 11, "epoch": 1, "correct": 0, "optimizer_parse_error": null, "seconds": 8.222403371008113}
{"event": "iteration", "iteration": 12, "epoch": 1, "correct": 2, "optimizer_parse_error": null, "seconds": 8.776866584317759}
{"event": "iteration", "iteration": 13, "epoch": 1, "correct": 2, "optimizer_parse_error": null, "seconds": 9.410767043940723}
{"event": "iteration", "iteration": 14, "epoch": 1, "correct": 1, "optimizer_parse_error": "Optimizer did not return 1..5 numbered questions", "seconds": 11.57833030889742}
{"event": "iteration", "iteration": 15, "epoch": 1, "correct": 1, "optimizer_parse_error": null, "seconds": 9.0479967801366}
{"event": "iteration", "iteration": 16, "epoch": 1, "correct": 2, "optimizer_parse_error": "Optimizer did not return 1..5 numbered questions", "seconds": 9.912849684944376}
{"event": "iteration", "iteration": 17, "epoch": 1, "correct": 2, "optimizer_parse_error": "Optimizer did not return 1..5 numbered questions", "seconds": 10.696296672802418}
{"event": "iteration", "iteration": 18, "epoch": 1, "correct": 2, "optimizer_parse_error": null, "seconds": 9.263916788157076}
{"event": "iteration", "iteration": 19, "epoch": 1, "correct": 2, "optimizer_parse_error": null, "seconds": 9.498352681752294}
{"event": "iteration", "iteration": 20, "epoch": 1, "correct": 1, "optimizer_parse_error": "Optimizer did not return 1..5 numbered questions", "seconds": 11.079373345011845}
{"event": "iteration", "iteration": 21, "epoch": 1, "correct": 2, "optimizer_parse_error": "Missing or repeated New Prompt Questions marker", "seconds": 10.238817357923836}
{"event": "iteration", "iteration": 22, "epoch": 1, "correct": 1, "optimizer_parse_error": "Optimizer did not return 1..5 numbered questions", "seconds": 12.234082726063207}
{"event": "iteration", "iteration": 23, "epoch": 1, "correct": 1, "optimizer_parse_error": "Optimizer did not return 1..5 numbered questions", "seconds": 11.407497597159818}
{"event": "iteration", "iteration": 24, "epoch": 1, "correct": 2, "optimizer_parse_error": "Missing or repeated New Prompt Questions marker", "seconds": 11.20712442882359}
{"event": "iteration", "iteration": 25, "epoch": 1, "correct": 2, "optimizer_parse_error": "Missing or repeated New Prompt Questions marker", "seconds": 10.678452381165698}
{"event": "iteration", "iteration": 26, "epoch": 1, "correct": 0, "optimizer_parse_error": null, "seconds": 8.883607713039964}
{"event": "iteration", "iteration": 27, "epoch": 1, "correct": 2, "optimizer_parse_error": null, "seconds": 9.437789039919153}
{"event": "iteration", "iteration": 28, "epoch": 1, "correct": 2, "optimizer_parse_error": null, "seconds": 10.518564824946225}
{"event": "iteration", "iteration": 29, "epoch": 1, "correct": 1, "optimizer_parse_error": null, "seconds": 10.440063792979345}
{"event": "iteration", "iteration": 30, "epoch": 1, "correct": 1, "optimizer_parse_error": null, "seconds": 11.5358158191666}
{"event": "iteration", "iteration": 31, "epoch": 1, "correct": 1, "optimizer_parse_error": null, "seconds": 11.84540274599567}
{"event": "iteration", "iteration": 32, "epoch": 1, "correct": 2, "optimizer_parse_error": null, "seconds": 9.813986766850576}
{"event": "iteration", "iteration": 33, "epoch": 1, "correct": 2, "optimizer_parse_error": null, "seconds": 9.674990589730442}
{"event": "iteration", "iteration": 34, "epoch": 1, "correct": 2, "optimizer_parse_error": null, "seconds": 9.516838242765516}
{"event": "iteration", "iteration": 35, "epoch": 1, "correct": 2, "optimizer_parse_error": null, "seconds": 9.728704686975107}
{"event": "iteration", "iteration": 36, "epoch": 1, "correct": 2, "optimizer_parse_error": null, "seconds": 10.827497605001554}
{"event": "iteration", "iteration": 37, "epoch": 1, "correct": 1, "optimizer_parse_error": null, "seconds": 10.165079932892695}
{"event": "iteration", "iteration": 38, "epoch": 1, "correct": 0, "optimizer_parse_error": null, "seconds": 11.84439530596137}
{"event": "iteration", "iteration": 39, "epoch": 1, "correct": 2, "optimizer_parse_error": null, "seconds": 11.711331871105358}
{"event": "iteration", "iteration": 40, "epoch": 1, "correct": 2, "optimizer_parse_error": null, "seconds": 11.945053989067674}
{"event": "iteration", "iteration": 41, "epoch": 1, "correct": 1, "optimizer_parse_error": "Optimizer did not return 1..5 numbered questions", "seconds": 13.824464476900175}
{"event": "iteration", "iteration": 42, "epoch": 1, "correct": 2, "optimizer_parse_error": null, "seconds": 11.10889718006365}
{"event": "iteration", "iteration": 43, "epoch": 1, "correct": 1, "optimizer_parse_error": "Optimizer did not return 1..5 numbered questions", "seconds": 12.088567889062688}
{"event": "iteration", "iteration": 44, "epoch": 1, "correct": 0, "optimizer_parse_error": null, "seconds": 12.756503844168037}
{"event": "iteration", "iteration": 45, "epoch": 1, "correct": 2, "optimizer_parse_error": null, "seconds": 11.05844084220007}
{"event": "iteration", "iteration": 46, "epoch": 1, "correct": 1, "optimizer_parse_error": null, "seconds": 11.769344551954418}
{"event": "iteration", "iteration": 47, "epoch": 1, "correct": 1, "optimizer_parse_error": null, "seconds": 10.376482805935666}
{"event": "iteration", "iteration": 48, "epoch": 1, "correct": 1, "optimizer_parse_error": null, "seconds": 10.122927387012169}
{"event": "iteration", "iteration": 49, "epoch": 1, "correct": 2, "optimizer_parse_error": null, "seconds": 9.182962869759649}
{"event": "iteration", "iteration": 50, "epoch": 1, "correct": 2, "optimizer_parse_error": null, "seconds": 10.144099762896076}
{"event": "iteration", "iteration": 51, "epoch": 1, "correct": 2, "optimizer_parse_error": null, "seconds": 10.031826173886657}
{"event": "iteration", "iteration": 52, "epoch": 1, "correct": 1, "optimizer_parse_error": null, "seconds": 8.667677716584876}
{"event": "iteration", "iteration": 53, "epoch": 1, "correct": 2, "optimizer_parse_error": null, "seconds": 8.670725783100352}
{"event": "iteration", "iteration": 54, "epoch": 1, "correct": 1, "optimizer_parse_error": null, "seconds": 9.888313994044438}
{"event": "iteration", "iteration": 55, "epoch": 1, "correct": 1, "optimizer_parse_error": null, "seconds": 9.540375067153946}
{"event": "iteration", "iteration": 56, "epoch": 1, "correct": 1, "optimizer_parse_error": null, "seconds": 9.185450361808762}
{"event": "iteration", "iteration": 57, "epoch": 1, "correct": 2, "optimizer_parse_error": null, "seconds": 8.491414670133963}
{"event": "iteration", "iteration": 58, "epoch": 1, "correct": 2, "optimizer_parse_error": null, "seconds": 10.302324512042105}
{"event": "iteration", "iteration": 59, "epoch": 1, "correct": 2, "optimizer_parse_error": "Incomplete/trailing content in question", "seconds": 10.816075151786208}
{"event": "iteration", "iteration": 60, "epoch": 1, "correct": 0, "optimizer_parse_error": null, "seconds": 9.682668562978506}
{"event": "iteration", "iteration": 61, "epoch": 2, "correct": 1, "optimizer_parse_error": null, "seconds": 10.287177862832323}
{"event": "iteration", "iteration": 62, "epoch": 2, "correct": 1, "optimizer_parse_error": null, "seconds": 9.434139172080904}
{"event": "iteration", "iteration": 63, "epoch": 2, "correct": 2, "optimizer_parse_error": null, "seconds": 9.979620228055865}
{"event": "iteration", "iteration": 64, "epoch": 2, "correct": 2, "optimizer_parse_error": "Optimizer did not return 1..5 numbered questions", "seconds": 9.939189967000857}
{"event": "iteration", "iteration": 65, "epoch": 2, "correct": 0, "optimizer_parse_error": "Incomplete/trailing content in question", "seconds": 10.157708134967834}
{"event": "iteration", "iteration": 66, "epoch": 2, "correct": 2, "optimizer_parse_error": "Missing or repeated New Prompt Questions marker", "seconds": 11.670608591055498}
{"event": "iteration", "iteration": 67, "epoch": 2, "correct": 2, "optimizer_parse_error": null, "seconds": 10.60814119502902}
{"event": "iteration", "iteration": 68, "epoch": 2, "correct": 1, "optimizer_parse_error": null, "seconds": 10.016891478328034}
{"event": "iteration", "iteration": 69, "epoch": 2, "correct": 2, "optimizer_parse_error": "Optimizer did not return 1..5 numbered questions", "seconds": 11.727568633155897}
{"event": "iteration", "iteration": 70, "epoch": 2, "correct": 1, "optimizer_parse_error": null, "seconds": 9.670728506986052}
{"event": "iteration", "iteration": 71, "epoch": 2, "correct": 2, "optimizer_parse_error": null, "seconds": 10.08872816618532}
{"event": "iteration", "iteration": 72, "epoch": 2, "correct": 1, "optimizer_parse_error": null, "seconds": 9.763605220010504}
{"event": "iteration", "iteration": 73, "epoch": 2, "correct": 2, "optimizer_parse_error": null, "seconds": 10.461282342206687}
{"event": "iteration", "iteration": 74, "epoch": 2, "correct": 2, "optimizer_parse_error": null, "seconds": 13.237690248060971}
{"event": "iteration", "iteration": 75, "epoch": 2, "correct": 1, "optimizer_parse_error": null, "seconds": 8.965522344922647}
{"event": "iteration", "iteration": 76, "epoch": 2, "correct": 1, "optimizer_parse_error": null, "seconds": 9.056414760649204}
{"event": "iteration", "iteration": 77, "epoch": 2, "correct": 1, "optimizer_parse_error": null, "seconds": 10.88923117518425}
{"event": "iteration", "iteration": 78, "epoch": 2, "correct": 1, "optimizer_parse_error": null, "seconds": 10.563436187105253}
{"event": "iteration", "iteration": 79, "epoch": 2, "correct": 1, "optimizer_parse_error": null, "seconds": 8.371569896116853}
{"event": "iteration", "iteration": 80, "epoch": 2, "correct": 1, "optimizer_parse_error": null, "seconds": 8.533079323126003}
{"event": "iteration", "iteration": 81, "epoch": 2, "correct": 1, "optimizer_parse_error": null, "seconds": 16.124011075124145}
{"event": "iteration", "iteration": 82, "epoch": 2, "correct": 1, "optimizer_parse_error": null, "seconds": 11.507394535001367}
{"event": "iteration", "iteration": 83, "epoch": 2, "correct": 2, "optimizer_parse_error": null, "seconds": 11.347063346998766}
{"event": "iteration", "iteration": 84, "epoch": 2, "correct": 2, "optimizer_parse_error": null, "seconds": 10.484373859828338}
{"event": "iteration", "iteration": 85, "epoch": 2, "correct": 2, "optimizer_parse_error": null, "seconds": 8.907465192256495}
{"event": "iteration", "iteration": 86, "epoch": 2, "correct": 2, "optimizer_parse_error": null, "seconds": 8.24274553405121}
{"event": "iteration", "iteration": 87, "epoch": 2, "correct": 2, "optimizer_parse_error": null, "seconds": 9.52133520389907}
{"event": "iteration", "iteration": 88, "epoch": 2, "correct": 0, "optimizer_parse_error": null, "seconds": 7.951521318871528}
{"event": "iteration", "iteration": 89, "epoch": 2, "correct": 1, "optimizer_parse_error": null, "seconds": 9.496721748961136}
{"event": "iteration", "iteration": 90, "epoch": 2, "correct": 2, "optimizer_parse_error": "Optimizer did not return 1..5 numbered questions", "seconds": 10.434890866046771}
{"event": "iteration", "iteration": 91, "epoch": 2, "correct": 1, "optimizer_parse_error": null, "seconds": 10.049825686728582}
{"event": "iteration", "iteration": 92, "epoch": 2, "correct": 2, "optimizer_parse_error": null, "seconds": 10.455852380720899}
{"event": "iteration", "iteration": 93, "epoch": 2, "correct": 2, "optimizer_parse_error": null, "seconds": 9.82951027690433}
{"event": "iteration", "iteration": 94, "epoch": 2, "correct": 2, "optimizer_parse_error": null, "seconds": 8.25707994075492}
{"event": "iteration", "iteration": 95, "epoch": 2, "correct": 1, "optimizer_parse_error": null, "seconds": 11.851412010146305}
{"event": "iteration", "iteration": 96, "epoch": 2, "correct": 2, "optimizer_parse_error": null, "seconds": 9.93359491485171}
{"event": "iteration", "iteration": 97, "epoch": 2, "correct": 2, "optimizer_parse_error": null, "seconds": 9.475848209345713}
{"event": "iteration", "iteration": 98, "epoch": 2, "correct": 1, "optimizer_parse_error": null, "seconds": 9.833747001131997}
{"event": "iteration", "iteration": 99, "epoch": 2, "correct": 1, "optimizer_parse_error": null, "seconds": 9.253562246216461}
{"event": "iteration", "iteration": 100, "epoch": 2, "correct": 1, "optimizer_parse_error": null, "seconds": 10.66584435198456}
{"event": "validation", "step": 100, "correct": 11, "total": 17, "accuracy": 0.6470588235294118}
{"event": "iteration", "iteration": 101, "epoch": 2, "correct": 1, "optimizer_parse_error": "Optimizer did not return 1..5 numbered questions", "seconds": 9.801511178957298}
{"event": "iteration", "iteration": 102, "epoch": 2, "correct": 2, "optimizer_parse_error": null, "seconds": 9.639802161138505}
{"event": "iteration", "iteration": 103, "epoch": 2, "correct": 1, "optimizer_parse_error": null, "seconds": 8.831607432104647}
{"event": "iteration", "iteration": 104, "epoch": 2, "correct": 2, "optimizer_parse_error": "Incomplete/trailing content in question", "seconds": 10.473384810145944}
{"event": "iteration", "iteration": 105, "epoch": 2, "correct": 1, "optimizer_parse_error": null, "seconds": 8.990955251734704}
{"event": "iteration", "iteration": 106, "epoch": 2, "correct": 2, "optimizer_parse_error": null, "seconds": 8.341618221951649}
{"event": "iteration", "iteration": 107, "epoch": 2, "correct": 1, "optimizer_parse_error": null, "seconds": 10.809811056125909}
{"event": "iteration", "iteration": 108, "epoch": 2, "correct": 0, "optimizer_parse_error": null, "seconds": 9.810631535016}
{"event": "iteration", "iteration": 109, "epoch": 2, "correct": 2, "optimizer_parse_error": null, "seconds": 9.46724978229031}
{"event": "iteration", "iteration": 110, "epoch": 2, "correct": 2, "optimizer_parse_error": null, "seconds": 9.457146055763587}
{"event": "iteration", "iteration": 111, "epoch": 2, "correct": 1, "optimizer_parse_error": null, "seconds": 8.597181500168517}
{"event": "iteration", "iteration": 112, "epoch": 2, "correct": 2, "optimizer_parse_error": null, "seconds": 8.52710740081966}
{"event": "iteration", "iteration": 113, "epoch": 2, "correct": 1, "optimizer_parse_error": null, "seconds": 9.8871885468252}
{"event": "iteration", "iteration": 114, "epoch": 2, "correct": 2, "optimizer_parse_error": null, "seconds": 7.8502910600509495}
{"event": "iteration", "iteration": 115, "epoch": 2, "correct": 2, "optimizer_parse_error": "Missing or repeated New Prompt Questions marker", "seconds": 9.967420194065198}
{"event": "iteration", "iteration": 116, "epoch": 2, "correct": 1, "optimizer_parse_error": "Optimizer did not return 1..5 numbered questions", "seconds": 9.673902370035648}
{"event": "iteration", "iteration": 117, "epoch": 2, "correct": 1, "optimizer_parse_error": "Optimizer did not return 1..5 numbered questions", "seconds": 9.8363296687603}
{"event": "iteration", "iteration": 118, "epoch": 2, "correct": 1, "optimizer_parse_error": "Optimizer did not return 1..5 numbered questions", "seconds": 11.132337945979089}
{"event": "iteration", "iteration": 119, "epoch": 2, "correct": 1, "optimizer_parse_error": "Optimizer did not return 1..5 numbered questions", "seconds": 10.284471935825422}
{"event": "iteration", "iteration": 120, "epoch": 2, "correct": 2, "optimizer_parse_error": null, "seconds": 10.19184968387708}
{"event": "iteration", "iteration": 121, "epoch": 3, "correct": 2, "optimizer_parse_error": null, "seconds": 9.779226118233055}
{"event": "iteration", "iteration": 122, "epoch": 3, "correct": 1, "optimizer_parse_error": null, "seconds": 10.025856245309114}
{"event": "iteration", "iteration": 123, "epoch": 3, "correct": 2, "optimizer_parse_error": null, "seconds": 8.356743393931538}
{"event": "iteration", "iteration": 124, "epoch": 3, "correct": 2, "optimizer_parse_error": null, "seconds": 9.634928147075698}
{"event": "iteration", "iteration": 125, "epoch": 3, "correct": 1, "optimizer_parse_error": null, "seconds": 9.336956995306537}
{"event": "iteration", "iteration": 126, "epoch": 3, "correct": 1, "optimizer_parse_error": null, "seconds": 9.34551100898534}
{"event": "iteration", "iteration": 127, "epoch": 3, "correct": 2, "optimizer_parse_error": null, "seconds": 9.181458498118445}
{"event": "iteration", "iteration": 128, "epoch": 3, "correct": 2, "optimizer_parse_error": null, "seconds": 8.020149702904746}
{"event": "iteration", "iteration": 129, "epoch": 3, "correct": 2, "optimizer_parse_error": null, "seconds": 7.689697606954724}
{"event": "iteration", "iteration": 130, "epoch": 3, "correct": 2, "optimizer_parse_error": null, "seconds": 7.515498320106417}
{"event": "iteration", "iteration": 131, "epoch": 3, "correct": 1, "optimizer_parse_error": null, "seconds": 8.803211311111227}
{"event": "iteration", "iteration": 132, "epoch": 3, "correct": 2, "optimizer_parse_error": null, "seconds": 9.78790784208104}
{"event": "iteration", "iteration": 133, "epoch": 3, "correct": 2, "optimizer_parse_error": null, "seconds": 8.830281566129997}
{"event": "iteration", "iteration": 134, "epoch": 3, "correct": 1, "optimizer_parse_error": null, "seconds": 9.107557385927066}
{"event": "iteration", "iteration": 135, "epoch": 3, "correct": 2, "optimizer_parse_error": null, "seconds": 9.231345580890775}
{"event": "iteration", "iteration": 136, "epoch": 3, "correct": 2, "optimizer_parse_error": null, "seconds": 9.245859843911603}
{"event": "iteration", "iteration": 137, "epoch": 3, "correct": 2, "optimizer_parse_error": null, "seconds": 8.751530071021989}
{"event": "iteration", "iteration": 138, "epoch": 3, "correct": 1, "optimizer_parse_error": null, "seconds": 8.560220633167773}
{"event": "iteration", "iteration": 139, "epoch": 3, "correct": 2, "optimizer_parse_error": null, "seconds": 8.742338643874973}
{"event": "iteration", "iteration": 140, "epoch": 3, "correct": 1, "optimizer_parse_error": null, "seconds": 9.3324045361951}
{"event": "iteration", "iteration": 141, "epoch": 3, "correct": 2, "optimizer_parse_error": null, "seconds": 9.843294442864135}
{"event": "iteration", "iteration": 142, "epoch": 3, "correct": 1, "optimizer_parse_error": null, "seconds": 10.07020855601877}
{"event": "iteration", "iteration": 143, "epoch": 3, "correct": 1, "optimizer_parse_error": null, "seconds": 9.617250952171162}
{"event": "iteration", "iteration": 144, "epoch": 3, "correct": 1, "optimizer_parse_error": null, "seconds": 8.806560087017715}
{"event": "iteration", "iteration": 145, "epoch": 3, "correct": 2, "optimizer_parse_error": null, "seconds": 10.058679446112365}
{"event": "iteration", "iteration": 146, "epoch": 3, "correct": 2, "optimizer_parse_error": null, "seconds": 10.052073699887842}
{"event": "iteration", "iteration": 147, "epoch": 3, "correct": 2, "optimizer_parse_error": null, "seconds": 7.67323814611882}
{"event": "iteration", "iteration": 148, "epoch": 3, "correct": 2, "optimizer_parse_error": null, "seconds": 9.445955489063635}
{"event": "iteration", "iteration": 149, "epoch": 3, "correct": 1, "optimizer_parse_error": null, "seconds": 10.231747340178117}
{"event": "iteration", "iteration": 150, "epoch": 3, "correct": 2, "optimizer_parse_error": null, "seconds": 9.310788086848333}
{"event": "iteration", "iteration": 151, "epoch": 3, "correct": 1, "optimizer_parse_error": null, "seconds": 8.14346510078758}
{"event": "iteration", "iteration": 152, "epoch": 3, "correct": 1, "optimizer_parse_error": null, "seconds": 9.63829038804397}
{"event": "iteration", "iteration": 153, "epoch": 3, "correct": 2, "optimizer_parse_error": null, "seconds": 9.95453310967423}
{"event": "iteration", "iteration": 154, "epoch": 3, "correct": 2, "optimizer_parse_error": null, "seconds": 9.545536922290921}
{"event": "iteration", "iteration": 155, "epoch": 3, "correct": 0, "optimizer_parse_error": null, "seconds": 9.04893867415376}
{"event": "iteration", "iteration": 156, "epoch": 3, "correct": 1, "optimizer_parse_error": null, "seconds": 9.61538777523674}
{"event": "iteration", "iteration": 157, "epoch": 3, "correct": 2, "optimizer_parse_error": null, "seconds": 7.506956024793908}
{"event": "iteration", "iteration": 158, "epoch": 3, "correct": 1, "optimizer_parse_error": null, "seconds": 7.689692969899625}
{"event": "iteration", "iteration": 159, "epoch": 3, "correct": 1, "optimizer_parse_error": null, "seconds": 8.306355126667768}
{"event": "iteration", "iteration": 160, "epoch": 3, "correct": 1, "optimizer_parse_error": null, "seconds": 10.597538805101067}
{"event": "iteration", "iteration": 161, "epoch": 3, "correct": 1, "optimizer_parse_error": "Incomplete/trailing content in question", "seconds": 10.14559209626168}
{"event": "iteration", "iteration": 162, "epoch": 3, "correct": 2, "optimizer_parse_error": "Missing or repeated New Prompt Questions marker", "seconds": 10.017974402755499}
{"event": "iteration", "iteration": 163, "epoch": 3, "correct": 1, "optimizer_parse_error": null, "seconds": 8.685335762100294}
{"event": "iteration", "iteration": 164, "epoch": 3, "correct": 1, "optimizer_parse_error": null, "seconds": 10.07050722418353}
{"event": "iteration", "iteration": 165, "epoch": 3, "correct": 2, "optimizer_parse_error": null, "seconds": 8.711557512870058}
{"event": "iteration", "iteration": 166, "epoch": 3, "correct": 2, "optimizer_parse_error": null, "seconds": 7.527104827109724}
{"event": "iteration", "iteration": 167, "epoch": 3, "correct": 0, "optimizer_parse_error": null, "seconds": 7.776604263111949}
{"event": "iteration", "iteration": 168, "epoch": 3, "correct": 1, "optimizer_parse_error": "Incomplete/trailing content in question", "seconds": 9.13473922596313}
{"event": "iteration", "iteration": 169, "epoch": 3, "correct": 1, "optimizer_parse_error": null, "seconds": 9.103913527913392}
{"event": "iteration", "iteration": 170, "epoch": 3, "correct": 1, "optimizer_parse_error": null, "seconds": 8.743791530607268}
{"event": "iteration", "iteration": 171, "epoch": 3, "correct": 1, "optimizer_parse_error": null, "seconds": 9.167021884117275}
{"event": "iteration", "iteration": 172, "epoch": 3, "correct": 2, "optimizer_parse_error": null, "seconds": 9.074923617765307}
{"event": "iteration", "iteration": 173, "epoch": 3, "correct": 2, "optimizer_parse_error": null, "seconds": 8.903740868205205}
{"event": "iteration", "iteration": 174, "epoch": 3, "correct": 1, "optimizer_parse_error": null, "seconds": 8.855094716884196}
{"event": "iteration", "iteration": 175, "epoch": 3, "correct": 2, "optimizer_parse_error": null, "seconds": 8.875789070036262}
{"event": "iteration", "iteration": 176, "epoch": 3, "correct": 2, "optimizer_parse_error": null, "seconds": 9.26182814873755}
{"event": "iteration", "iteration": 177, "epoch": 3, "correct": 2, "optimizer_parse_error": null, "seconds": 9.809843840776011}
{"event": "iteration", "iteration": 178, "epoch": 3, "correct": 2, "optimizer_parse_error": null, "seconds": 9.109255543909967}
{"event": "iteration", "iteration": 179, "epoch": 3, "correct": 1, "optimizer_parse_error": null, "seconds": 9.169976408127695}
{"event": "iteration", "iteration": 180, "epoch": 3, "correct": 1, "optimizer_parse_error": null, "seconds": 9.105654474115}
{"event": "iteration", "iteration": 181, "epoch": 4, "correct": 2, "optimizer_parse_error": null, "seconds": 7.181960383895785}
{"event": "iteration", "iteration": 182, "epoch": 4, "correct": 1, "optimizer_parse_error": null, "seconds": 7.3461886760778725}
{"event": "iteration", "iteration": 183, "epoch": 4, "correct": 0, "optimizer_parse_error": null, "seconds": 7.450452372897416}
{"event": "iteration", "iteration": 184, "epoch": 4, "correct": 2, "optimizer_parse_error": null, "seconds": 8.153638025047258}
{"event": "iteration", "iteration": 185, "epoch": 4, "correct": 2, "optimizer_parse_error": null, "seconds": 7.913124584360048}
Traceback (most recent call last):
  File "/home/jeong/Desktop/IPAD/runs/vera_publication/KNU_Capstone1_VAD_VERA/scripts/train_vera_questions.py", line 155, in <module>
    try:main()
        ~~~~^^
  File "/home/jeong/Desktop/IPAD/runs/vera_publication/KNU_Capstone1_VAD_VERA/scripts/train_vera_questions.py", line 138, in main
    predictions.append(parse_response(record['response']));learner_records.append(record)
                       ~~~~~~~~~~~~~~^^^^^^^^^^^^^^^^^^^^
  File "/home/jeong/Desktop/IPAD/runs/vera_publication/KNU_Capstone1_VAD_VERA/ipad/vera.py", line 70, in parse_response
    raise ValueError("Missing or ambiguous terminal Output: 0/1")
ValueError: Missing or ambiguous terminal Output: 0/1
