/home/jeong/Desktop/IPAD/cache/vera/venv/lib/python3.13/site-packages/timm/models/layers/__init__.py:49: FutureWarning: Importing from timm.models.layers is deprecated, please import via timm.layers
  warnings.warn(f"Importing from {__name__} is deprecated, please import via timm.layers", FutureWarning)
InternLM2ForCausalLM has generative capabilities, as `prepare_inputs_for_generation` is explicitly overwritten. However, it doesn't directly inherit from `GenerationMixin`. From 👉v4.50👈 onwards, `PreTrainedModel` will NOT inherit from `GenerationMixin`, and this model will lose the ability to call `generate` and other related functions.
  - If you're using `trust_remote_code=True`, you can get rid of this warning by loading the model with an auto class. See https://huggingface.co/docs/transformers/en/model_doc/auto#auto-classes
  - If you are the owner of the model architecture code, please modify your model class such that it inherits from `GenerationMixin` (after `PreTrainedModel`, otherwise you'll get an exception).
  - If you are not the owner of the model architecture class, please contact the model code owner to update it.
FlashAttention2 is not installed.
Warning: Flash attention is not available, using eager attention instead.
Loading checkpoint shards:   0%|          | 0/4 [00:00<?, ?it/s]Loading checkpoint shards: 100%|██████████| 4/4 [00:00<00:00, 116.53it/s]
{"event": "explanation", "video": "R01/testing/06", "response": "The most noticeable difference between QUERY and REFERENCE is the presence of a red object in Image 5-12, which does not appear to be present or visible in Images 1-4."}
{"event": "explanation", "video": "R01/testing/08", "response": "The most noticeable difference between QUERY and REFERENCE is the presence of a hand in Image 5-12, which is not present in Images 1-4."}
{"event": "explanation", "video": "R01/testing/09", "response": "The most noticeable difference between QUERY and REFERENCE is the presence of a hand in Image 5-12, which is not present in Images 1-4."}
{"event": "explanation", "video": "R01/testing/10", "response": "The most noticeable difference between QUERY and REFERENCE is the addition of a black object with green buttons in Image 5-12, which was not present in Images 1-4."}
{"event": "explanation", "video": "R01/training/03", "response": "The most noticeable difference between QUERY and REFERENCE is the addition of a black object with red details in Image 5-12, which was not present in Images 1-4."}
{"event": "explanation", "video": "R01/training/04", "response": "The most noticeable difference between QUERY and REFERENCE is the presence of a black object with red buttons in Image 5-12, which was not present in Images 1-4."}
{"event": "explanation", "video": "R01/training/05", "response": "The most noticeable difference between QUERY and REFERENCE is the presence of a black object with red wheels in Image 5-12, which does not appear in Images 1-4."}
{"event": "explanation", "video": "R01/training/22", "response": "The most noticeable difference between QUERY and REFERENCE is the addition of a red power drill in Image 5-12, which was not present in Images 1-4."}
{"event": "explanation", "video": "R01/training/25", "response": "The most noticeable difference between QUERY and REFERENCE is the addition of a black object in Image 5-12, which was not present in Images 1-4."}
{"event": "explanation", "video": "R01/training/27", "response": "The most noticeable difference between QUERY and REFERENCE is the addition of a green object with wires in Image 5-12, which was not present in Images 1-4."}
{"event": "explanation", "video": "R01/training/28", "response": "The most noticeable difference between QUERY and REFERENCE is the addition of a green object in Image 5-12, which was not present in Images 1-4."}
{"event": "explanation", "video": "R02/testing/02", "response": "The most noticeable difference between QUERY and REFERENCE is the presence of a hand pressing down on an object in Image 5-12, which is not present in Images 1-4."}
{"event": "explanation", "video": "R02/testing/05", "response": "The most noticeable difference between QUERY and REFERENCE is the addition of a digital display on the device in Image 5-12."}
{"event": "explanation", "video": "R02/testing/07", "response": "The most noticeable difference between QUERY and REFERENCE is the presence of a hand interacting with an object on Image 9, which is not present in any of the images labeled as REFERENCE."}
{"event": "explanation", "video": "R02/training/05", "response": "The most noticeable difference between QUERY and REFERENCE is the presence of a hand interacting with an object on Image 9, which is not present in any of the images labeled as REFERENCE."}
{"event": "explanation", "video": "R02/training/09", "response": "The most noticeable difference between QUERY and REFERENCE is the presence of a digital display on the device in Image 5-12, which is not present in Image 1-4."}
{"event": "explanation", "video": "R02/training/10", "response": "The most noticeable difference between QUERY and REFERENCE is the presence of a hand interacting with an object on Image 5-12, which is not present in Images 1-4."}
{"event": "explanation", "video": "R02/training/23", "response": "The most noticeable difference between QUERY and REFERENCE is the presence of a hand interacting with an object on the table in Image 5-12, which does not appear to be present or visible in Images 1-4."}
{"event": "explanation", "video": "R02/training/26", "response": "The most noticeable difference between QUERY and REFERENCE is the presence of a hand interacting with an object on Image 5-12, which is not present in Images 1-4."}
{"event": "explanation", "video": "R02/training/28", "response": "The most noticeable difference between QUERY and REFERENCE is the presence of a hand interacting with an object on Image 5-12, which does not appear in Images 1-4."}
{"event": "explanation", "video": "R03/testing/01", "response": "The most noticeable difference between QUERY and REFERENCE is the addition of a white object with red text in Image 5-12, which was not present in Images 1-4."}
{"event": "explanation", "video": "R03/testing/08", "response": "The most noticeable difference between QUERY and REFERENCE is the addition of a white object on top of the pallet in Image 5-12."}
{"event": "explanation", "video": "R03/testing/11", "response": "The most noticeable difference between QUERY and REFERENCE is the addition of a white object on top of the forklift in Image 5-12."}
{"event": "explanation", "video": "R03/training/02", "response": "The most noticeable difference between QUERY and REFERENCE is the presence of a white object on top of the forklift in Image 5-12, which does not appear to be there in Images 1-4."}
{"event": "explanation", "video": "R03/training/16", "response": "The most noticeable difference between QUERY and REFERENCE is the addition of a white object in front of the forklift on the floor."}
{"event": "explanation", "video": "R03/training/20", "response": "The most noticeable difference between QUERY and REFERENCE is the addition of a white object on top of the pallet in Image 5-12."}
{"event": "explanation", "video": "R03/training/21", "response": "The most noticeable difference between QUERY and REFERENCE is the addition of a white cup on top of the pallet in Image 5-12."}
{"event": "explanation", "video": "R03/training/22", "response": "The most noticeable difference between QUERY and REFERENCE is the addition of a white cup on top of the pallet in Image 5-12."}
{"event": "explanation", "video": "R04/testing/02", "response": "The most noticeable difference between QUERY and REFERENCE is the presence of a person operating machinery in Image 5-12, which is not present in Images 1-4."}
{"event": "explanation", "video": "R04/testing/03", "response": "The most noticeable difference between QUERY and REFERENCE is the presence of a brown paper sheet in Image 5-12, which does not appear to be present in Images 1-4."}
{"event": "explanation", "video": "R04/testing/09", "response": "The most noticeable difference between QUERY and REFERENCE is the presence of a red tool in Image 5-12, which is not present in Images 1-4."}
{"event": "explanation", "video": "R04/testing/15", "response": "The most noticeable difference between QUERY and REFERENCE is the presence of a red tool in Image 5-12, which is not present in Images 1-4."}
{"event": "explanation", "video": "R04/training/02", "response": "The most noticeable difference between QUERY and REFERENCE is the presence of a red clamp in Image 5-12, which is not present in Images 1-4."}
{"event": "explanation", "video": "R04/training/17", "response": "The most noticeable difference between QUERY and REFERENCE is the presence of a red tool in Image 5-12, which is not present in Images 1-4."}
{"event": "explanation", "video": "R04/training/18", "response": "The most noticeable difference between QUERY and REFERENCE is the presence of a person in Image 5-12, which is not present in Images 1-4."}
{"event": "explanation", "video": "R04/training/20", "response": "The most noticeable difference between QUERY and REFERENCE is the presence of a person in the background, which is not present in the REFERENCE images."}
{"event": "explanation", "video": "R04/training/25", "response": "The most noticeable difference between QUERY and REFERENCE is the presence of a red tool in Image 5-12, which is not present in Images 1-4."}
