{
  "status": "passed",
  "inference_calls_verified": 3216,
  "videos": 37,
  "frames_per_condition": 16862,
  "reference_images_verified": [
    {
      "video_id": "R01/testing/14",
      "frame_id": 28,
      "normal_train": true
    },
    {
      "video_id": "R01/training/10",
      "frame_id": 88,
      "normal_train": true
    },
    {
      "video_id": "R01/training/20",
      "frame_id": 142,
      "normal_train": true
    },
    {
      "video_id": "R01/training/31",
      "frame_id": 203,
      "normal_train": true
    },
    {
      "video_id": "R02/training/03",
      "frame_id": 68,
      "normal_train": true
    },
    {
      "video_id": "R02/training/13",
      "frame_id": 221,
      "normal_train": true
    },
    {
      "video_id": "R02/training/18",
      "frame_id": 361,
      "normal_train": true
    },
    {
      "video_id": "R02/training/27",
      "frame_id": 514,
      "normal_train": true
    },
    {
      "video_id": "R03/training/03",
      "frame_id": 90,
      "normal_train": true
    },
    {
      "video_id": "R03/training/08",
      "frame_id": 265,
      "normal_train": true
    },
    {
      "video_id": "R03/training/12",
      "frame_id": 465,
      "normal_train": true
    },
    {
      "video_id": "R03/training/17",
      "frame_id": 598,
      "normal_train": true
    },
    {
      "video_id": "R04/training/04",
      "frame_id": 50,
      "normal_train": true
    },
    {
      "video_id": "R04/training/09",
      "frame_id": 156,
      "normal_train": true
    },
    {
      "video_id": "R04/training/14",
      "frame_id": 201,
      "normal_train": true
    },
    {
      "video_id": "R04/training/22",
      "frame_id": 331,
      "normal_train": true
    }
  ],
  "all_reference_images_normal_current_train": true,
  "reference_images_not_in_legacy_features": true,
  "N_X_byte_identical_prompts": true,
  "protected_previous_files_unchanged": 10457,
  "raw_image_hashes_verified": 6382,
  "baseline_P1_exact": true,
  "all_inference_before_label_open": true,
  "label_passes": 1,
  "postprocessing_reconstructed": true,
  "all_metrics_recomputed": true,
  "saved_generation_tokens_decode_to_raw_responses": true,
  "requested_fields_present": {
    "C0": 1072,
    "N": 1072,
    "X": 1072
  },
  "token_lengths": {
    "C0": {
      "mean": 38.32929104477612,
      "max": 64,
      "possible_limit": 0
    },
    "N": {
      "mean": 40.36940298507463,
      "max": 67,
      "possible_limit": 0
    },
    "X": {
      "mean": 42.05223880597015,
      "max": 71,
      "possible_limit": 0
    }
  },
  "audit_source_sha256": "ae98b8ebc281ced458580ec03d1656013f096dad82020d7be25056922e3f6c65"
}
