/home/jeong/Desktop/IPAD/cache/vera/venv/lib/python3.13/site-packages/timm/models/layers/__init__.py:49: FutureWarning: Importing from timm.models.layers is deprecated, please import via timm.layers
  warnings.warn(f"Importing from {__name__} is deprecated, please import via timm.layers", FutureWarning)
InternLM2ForCausalLM has generative capabilities, as `prepare_inputs_for_generation` is explicitly overwritten. However, it doesn't directly inherit from `GenerationMixin`. From 👉v4.50👈 onwards, `PreTrainedModel` will NOT inherit from `GenerationMixin`, and this model will lose the ability to call `generate` and other related functions.
  - If you're using `trust_remote_code=True`, you can get rid of this warning by loading the model with an auto class. See https://huggingface.co/docs/transformers/en/model_doc/auto#auto-classes
  - If you are the owner of the model architecture code, please modify your model class such that it inherits from `GenerationMixin` (after `PreTrainedModel`, otherwise you'll get an exception).
  - If you are not the owner of the model architecture class, please contact the model code owner to update it.
FlashAttention2 is not installed.
Warning: Flash attention is not available, using eager attention instead.
Loading checkpoint shards:   0%|          | 0/4 [00:00<?, ?it/s]Loading checkpoint shards: 100%|██████████| 4/4 [00:00<00:00, 108.12it/s]
{"event": "window_inference_video", "seconds": 2, "video_id": "R01/training/03"}
{"event": "window_inference_video", "seconds": 2, "video_id": "R01/training/04"}
{"event": "window_inference_video", "seconds": 2, "video_id": "R01/training/05"}
{"event": "window_inference_video", "seconds": 2, "video_id": "R01/training/22"}
{"event": "window_inference_video", "seconds": 2, "video_id": "R01/training/25"}
{"event": "window_inference_video", "seconds": 2, "video_id": "R01/training/27"}
{"event": "window_inference_video", "seconds": 2, "video_id": "R01/training/28"}
{"event": "window_inference_video", "seconds": 2, "video_id": "R02/training/05"}
{"event": "window_inference_video", "seconds": 2, "video_id": "R02/training/09"}
{"event": "window_inference_video", "seconds": 2, "video_id": "R02/training/10"}
{"event": "window_inference_video", "seconds": 2, "video_id": "R02/training/23"}
{"event": "window_inference_video", "seconds": 2, "video_id": "R02/training/26"}
{"event": "window_inference_video", "seconds": 2, "video_id": "R02/training/28"}
{"event": "window_inference_video", "seconds": 2, "video_id": "R03/training/02"}
{"event": "window_inference_video", "seconds": 2, "video_id": "R03/training/16"}
{"event": "window_inference_video", "seconds": 2, "video_id": "R03/training/20"}
{"event": "window_inference_video", "seconds": 2, "video_id": "R03/training/21"}
{"event": "window_inference_video", "seconds": 2, "video_id": "R03/training/22"}
{"event": "window_inference_video", "seconds": 2, "video_id": "R04/training/02"}
{"event": "window_inference_video", "seconds": 2, "video_id": "R04/training/17"}
{"event": "window_inference_video", "seconds": 2, "video_id": "R04/training/18"}
{"event": "window_inference_video", "seconds": 2, "video_id": "R04/training/20"}
{"event": "window_inference_video", "seconds": 2, "video_id": "R04/training/25"}
{"event": "window_inference_video", "seconds": 2, "video_id": "R01/testing/06"}
{"event": "window_inference_video", "seconds": 2, "video_id": "R01/testing/08"}
{"event": "window_inference_video", "seconds": 2, "video_id": "R01/testing/09"}
{"event": "window_inference_video", "seconds": 2, "video_id": "R01/testing/10"}
{"event": "window_inference_video", "seconds": 2, "video_id": "R02/testing/02"}
{"event": "window_inference_video", "seconds": 2, "video_id": "R02/testing/05"}
{"event": "window_inference_video", "seconds": 2, "video_id": "R02/testing/07"}
{"event": "window_inference_video", "seconds": 2, "video_id": "R03/testing/01"}
{"event": "window_inference_video", "seconds": 2, "video_id": "R03/testing/08"}
{"event": "window_inference_video", "seconds": 2, "video_id": "R03/testing/11"}
{"event": "window_inference_video", "seconds": 2, "video_id": "R04/testing/02"}
{"event": "window_inference_video", "seconds": 2, "video_id": "R04/testing/03"}
{"event": "window_inference_video", "seconds": 2, "video_id": "R04/testing/09"}
{"event": "window_inference_video", "seconds": 2, "video_id": "R04/testing/15"}
{"event": "window_inference_video", "seconds": 4, "video_id": "R01/training/03"}
{"event": "window_inference_video", "seconds": 4, "video_id": "R01/training/04"}
{"event": "window_inference_video", "seconds": 4, "video_id": "R01/training/05"}
{"event": "window_inference_video", "seconds": 4, "video_id": "R01/training/22"}
{"event": "window_inference_video", "seconds": 4, "video_id": "R01/training/25"}
{"event": "window_inference_video", "seconds": 4, "video_id": "R01/training/27"}
{"event": "window_inference_video", "seconds": 4, "video_id": "R01/training/28"}
{"event": "window_inference_video", "seconds": 4, "video_id": "R02/training/05"}
{"event": "window_inference_video", "seconds": 4, "video_id": "R02/training/09"}
{"event": "window_inference_video", "seconds": 4, "video_id": "R02/training/10"}
{"event": "window_inference_video", "seconds": 4, "video_id": "R02/training/23"}
{"event": "window_inference_video", "seconds": 4, "video_id": "R02/training/26"}
{"event": "window_inference_video", "seconds": 4, "video_id": "R02/training/28"}
{"event": "window_inference_video", "seconds": 4, "video_id": "R03/training/02"}
{"event": "window_inference_video", "seconds": 4, "video_id": "R03/training/16"}
{"event": "window_inference_video", "seconds": 4, "video_id": "R03/training/20"}
{"event": "window_inference_video", "seconds": 4, "video_id": "R03/training/21"}
{"event": "window_inference_video", "seconds": 4, "video_id": "R03/training/22"}
{"event": "window_inference_video", "seconds": 4, "video_id": "R04/training/02"}
{"event": "window_inference_video", "seconds": 4, "video_id": "R04/training/17"}
{"event": "window_inference_video", "seconds": 4, "video_id": "R04/training/18"}
{"event": "window_inference_video", "seconds": 4, "video_id": "R04/training/20"}
{"event": "window_inference_video", "seconds": 4, "video_id": "R04/training/25"}
{"event": "window_inference_video", "seconds": 4, "video_id": "R01/testing/06"}
{"event": "window_inference_video", "seconds": 4, "video_id": "R01/testing/08"}
{"event": "window_inference_video", "seconds": 4, "video_id": "R01/testing/09"}
{"event": "window_inference_video", "seconds": 4, "video_id": "R01/testing/10"}
{"event": "window_inference_video", "seconds": 4, "video_id": "R02/testing/02"}
{"event": "window_inference_video", "seconds": 4, "video_id": "R02/testing/05"}
{"event": "window_inference_video", "seconds": 4, "video_id": "R02/testing/07"}
{"event": "window_inference_video", "seconds": 4, "video_id": "R03/testing/01"}
{"event": "window_inference_video", "seconds": 4, "video_id": "R03/testing/08"}
{"event": "window_inference_video", "seconds": 4, "video_id": "R03/testing/11"}
{"event": "window_inference_video", "seconds": 4, "video_id": "R04/testing/02"}
{"event": "window_inference_video", "seconds": 4, "video_id": "R04/testing/03"}
{"event": "window_inference_video", "seconds": 4, "video_id": "R04/testing/09"}
{"event": "window_inference_video", "seconds": 4, "video_id": "R04/testing/15"}
/home/jeong/Desktop/IPAD/.venv/lib/python3.13/site-packages/torchvision/transforms/_functional_video.py:6: UserWarning: The 'torchvision.transforms._functional_video' module is deprecated since 0.12 and will be removed in the future. Please use the 'torchvision.transforms.functional' module instead.
  warnings.warn(
/home/jeong/Desktop/IPAD/.venv/lib/python3.13/site-packages/torchvision/transforms/_transforms_video.py:22: UserWarning: The 'torchvision.transforms._transforms_video' module is deprecated since 0.12 and will be removed in the future. Please use the 'torchvision.transforms' module instead.
  warnings.warn(
{"event": "window_feature_video", "seconds": 2, "video_id": "R01/training/03"}
{"event": "window_feature_video", "seconds": 2, "video_id": "R01/training/04"}
{"event": "window_feature_video", "seconds": 2, "video_id": "R01/training/05"}
{"event": "window_feature_video", "seconds": 2, "video_id": "R01/training/22"}
{"event": "window_feature_video", "seconds": 2, "video_id": "R01/training/25"}
{"event": "window_feature_video", "seconds": 2, "video_id": "R01/training/27"}
{"event": "window_feature_video", "seconds": 2, "video_id": "R01/training/28"}
{"event": "window_feature_video", "seconds": 2, "video_id": "R02/training/05"}
{"event": "window_feature_video", "seconds": 2, "video_id": "R02/training/09"}
{"event": "window_feature_video", "seconds": 2, "video_id": "R02/training/10"}
{"event": "window_feature_video", "seconds": 2, "video_id": "R02/training/23"}
{"event": "window_feature_video", "seconds": 2, "video_id": "R02/training/26"}
{"event": "window_feature_video", "seconds": 2, "video_id": "R02/training/28"}
{"event": "window_feature_video", "seconds": 2, "video_id": "R03/training/02"}
{"event": "window_feature_video", "seconds": 2, "video_id": "R03/training/16"}
{"event": "window_feature_video", "seconds": 2, "video_id": "R03/training/20"}
{"event": "window_feature_video", "seconds": 2, "video_id": "R03/training/21"}
{"event": "window_feature_video", "seconds": 2, "video_id": "R03/training/22"}
{"event": "window_feature_video", "seconds": 2, "video_id": "R04/training/02"}
{"event": "window_feature_video", "seconds": 2, "video_id": "R04/training/17"}
{"event": "window_feature_video", "seconds": 2, "video_id": "R04/training/18"}
{"event": "window_feature_video", "seconds": 2, "video_id": "R04/training/20"}
{"event": "window_feature_video", "seconds": 2, "video_id": "R04/training/25"}
{"event": "window_feature_video", "seconds": 2, "video_id": "R01/testing/06"}
{"event": "window_feature_video", "seconds": 2, "video_id": "R01/testing/08"}
{"event": "window_feature_video", "seconds": 2, "video_id": "R01/testing/09"}
{"event": "window_feature_video", "seconds": 2, "video_id": "R01/testing/10"}
{"event": "window_feature_video", "seconds": 2, "video_id": "R02/testing/02"}
{"event": "window_feature_video", "seconds": 2, "video_id": "R02/testing/05"}
{"event": "window_feature_video", "seconds": 2, "video_id": "R02/testing/07"}
{"event": "window_feature_video", "seconds": 2, "video_id": "R03/testing/01"}
{"event": "window_feature_video", "seconds": 2, "video_id": "R03/testing/08"}
{"event": "window_feature_video", "seconds": 2, "video_id": "R03/testing/11"}
{"event": "window_feature_video", "seconds": 2, "video_id": "R04/testing/02"}
{"event": "window_feature_video", "seconds": 2, "video_id": "R04/testing/03"}
{"event": "window_feature_video", "seconds": 2, "video_id": "R04/testing/09"}
{"event": "window_feature_video", "seconds": 2, "video_id": "R04/testing/15"}
{"event": "window_feature_video", "seconds": 4, "video_id": "R01/training/03"}
{"event": "window_feature_video", "seconds": 4, "video_id": "R01/training/04"}
{"event": "window_feature_video", "seconds": 4, "video_id": "R01/training/05"}
{"event": "window_feature_video", "seconds": 4, "video_id": "R01/training/22"}
{"event": "window_feature_video", "seconds": 4, "video_id": "R01/training/25"}
{"event": "window_feature_video", "seconds": 4, "video_id": "R01/training/27"}
{"event": "window_feature_video", "seconds": 4, "video_id": "R01/training/28"}
{"event": "window_feature_video", "seconds": 4, "video_id": "R02/training/05"}
{"event": "window_feature_video", "seconds": 4, "video_id": "R02/training/09"}
{"event": "window_feature_video", "seconds": 4, "video_id": "R02/training/10"}
{"event": "window_feature_video", "seconds": 4, "video_id": "R02/training/23"}
{"event": "window_feature_video", "seconds": 4, "video_id": "R02/training/26"}
{"event": "window_feature_video", "seconds": 4, "video_id": "R02/training/28"}
{"event": "window_feature_video", "seconds": 4, "video_id": "R03/training/02"}
{"event": "window_feature_video", "seconds": 4, "video_id": "R03/training/16"}
{"event": "window_feature_video", "seconds": 4, "video_id": "R03/training/20"}
{"event": "window_feature_video", "seconds": 4, "video_id": "R03/training/21"}
{"event": "window_feature_video", "seconds": 4, "video_id": "R03/training/22"}
{"event": "window_feature_video", "seconds": 4, "video_id": "R04/training/02"}
{"event": "window_feature_video", "seconds": 4, "video_id": "R04/training/17"}
{"event": "window_feature_video", "seconds": 4, "video_id": "R04/training/18"}
{"event": "window_feature_video", "seconds": 4, "video_id": "R04/training/20"}
{"event": "window_feature_video", "seconds": 4, "video_id": "R04/training/25"}
{"event": "window_feature_video", "seconds": 4, "video_id": "R01/testing/06"}
{"event": "window_feature_video", "seconds": 4, "video_id": "R01/testing/08"}
{"event": "window_feature_video", "seconds": 4, "video_id": "R01/testing/09"}
{"event": "window_feature_video", "seconds": 4, "video_id": "R01/testing/10"}
{"event": "window_feature_video", "seconds": 4, "video_id": "R02/testing/02"}
{"event": "window_feature_video", "seconds": 4, "video_id": "R02/testing/05"}
{"event": "window_feature_video", "seconds": 4, "video_id": "R02/testing/07"}
{"event": "window_feature_video", "seconds": 4, "video_id": "R03/testing/01"}
{"event": "window_feature_video", "seconds": 4, "video_id": "R03/testing/08"}
{"event": "window_feature_video", "seconds": 4, "video_id": "R03/testing/11"}
{"event": "window_feature_video", "seconds": 4, "video_id": "R04/testing/02"}
{"event": "window_feature_video", "seconds": 4, "video_id": "R04/testing/03"}
{"event": "window_feature_video", "seconds": 4, "video_id": "R04/testing/09"}
{"event": "window_feature_video", "seconds": 4, "video_id": "R04/testing/15"}
{"PROB_10s": {"R01": {"initial": {"auroc": 50.70922475270301, "ap": 17.70942766960807}, "retrieved": {"auroc": 50.70922475270301, "ap": 17.70942766960807}, "smoothed": {"auroc": 55.3992408557626, "ap": 17.544264293898813}, "final": {"auroc": 55.98585231193927, "ap": 17.36042688009192}}, "R02": {"initial": {"auroc": 58.58392478225044, "ap": 10.033294256705174}, "retrieved": {"auroc": 58.17487615462825, "ap": 9.705204909165719}, "smoothed": {"auroc": 55.702491853442595, "ap": 8.333344398923094}, "final": {"auroc": 58.73018916532446, "ap": 8.645857182639588}}, "R03": {"initial": {"auroc": 48.90650312427679, "ap": 23.21590970974715}, "retrieved": {"auroc": 45.905478430531296, "ap": 22.919586274793062}, "smoothed": {"auroc": 48.55354914250147, "ap": 22.591286140283724}, "final": {"auroc": 49.35251261317335, "ap": 22.04660184747585}}, "R04": {"initial": {"auroc": 52.61804724515788, "ap": 38.27724446825125}, "retrieved": {"auroc": 51.23160406201818, "ap": 41.389947983574466}, "smoothed": {"auroc": 61.25433755866254, "ap": 50.189734298750906}, "final": {"auroc": 62.771835973695175, "ap": 49.13283653649793}}, "pooled": {"initial": {"auroc": 60.31296777963932, "ap": 24.271697988122902}, "retrieved": {"auroc": 59.99084254666428, "ap": 28.40597394058092}, "smoothed": {"auroc": 61.46691139833433, "ap": 31.94812126376472}, "final": {"auroc": 61.92704149838908, "ap": 31.711218716421563}}, "macro": {"initial": {"auroc": 52.70442497609703, "ap": 22.30896902607791}, "retrieved": {"auroc": 51.50529584997018, "ap": 22.93104170928533}, "smoothed": {"auroc": 55.2274048525923, "ap": 24.664657282964136}, "final": {"auroc": 56.710097516033066, "ap": 24.29643061167632}}}, "PROB_2s": {"R01": {"initial": {"auroc": 66.52093397745573, "ap": 24.072486649277337}, "retrieved": {"auroc": 66.52093397745573, "ap": 24.072486649277337}, "smoothed": {"auroc": 66.95387623648493, "ap": 22.755876864451402}, "final": {"auroc": 63.73613986657464, "ap": 21.42942271016391}}, "R02": {"initial": {"auroc": 59.977836644070656, "ap": 11.180957502833937}, "retrieved": {"auroc": 62.32593309301725, "ap": 12.36172010053874}, "smoothed": {"auroc": 68.60089636713688, "ap": 12.498018754481404}, "final": {"auroc": 68.67159491599753, "ap": 12.360702085922536}}, "R03": {"initial": {"auroc": 62.84892512831568, "ap": 29.869578376430074}, "retrieved": {"auroc": 64.41886584825022, "ap": 31.503420341852557}, "smoothed": {"auroc": 65.95523719247298, "ap": 32.49488798816188}, "final": {"auroc": 61.157960292324795, "ap": 29.184698489013684}}, "R04": {"initial": {"auroc": 58.3016089763549, "ap": 36.69652482034486}, "retrieved": {"auroc": 57.920916692613865, "ap": 35.64621528175389}, "smoothed": {"auroc": 60.98187322511789, "ap": 37.93449064524723}, "final": {"auroc": 62.12475662778964, "ap": 38.24464722473048}}, "pooled": {"initial": {"auroc": 65.90107972073118, "ap": 26.127747224048342}, "retrieved": {"auroc": 66.42060867322832, "ap": 26.549492300478878}, "smoothed": {"auroc": 68.02114895672308, "ap": 31.407180039484388}, "final": {"auroc": 66.71510658490159, "ap": 30.513980359072697}}, "macro": {"initial": {"auroc": 61.91232618154923, "ap": 25.45488683722155}, "retrieved": {"auroc": 62.796662402834265, "ap": 25.895960593355632}, "smoothed": {"auroc": 65.62297075530317, "ap": 26.420818563085476}, "final": {"auroc": 63.92261292567164, "ap": 25.304867627457654}}}, "PROB_4s": {"R01": {"initial": {"auroc": 53.189210950080515, "ap": 17.3037119291595}, "retrieved": {"auroc": 53.189210950080515, "ap": 17.3037119291595}, "smoothed": {"auroc": 58.217506326201985, "ap": 18.84128352284762}, "final": {"auroc": 58.018288474810205, "ap": 18.39568206519182}}, "R02": {"initial": {"auroc": 62.59850107276935, "ap": 12.313698190268221}, "retrieved": {"auroc": 66.57610566040704, "ap": 14.976915722803103}, "smoothed": {"auroc": 71.21172789613311, "ap": 24.492703216364966}, "final": {"auroc": 70.50857723841045, "ap": 27.858170952521448}}, "R03": {"initial": {"auroc": 57.8566253020099, "ap": 27.38772006399372}, "retrieved": {"auroc": 58.20981705218611, "ap": 28.386837074960034}, "smoothed": {"auroc": 62.429360769341045, "ap": 30.066431036022788}, "final": {"auroc": 59.89313807440002, "ap": 28.56992935105289}}, "R04": {"initial": {"auroc": 50.860721694733414, "ap": 32.820967458786036}, "retrieved": {"auroc": 49.06648234777749, "ap": 33.85796221612863}, "smoothed": {"auroc": 61.206732266184495, "ap": 50.46751018635045}, "final": {"auroc": 63.11561446090476, "ap": 49.978752490674836}}, "pooled": {"initial": {"auroc": 61.89006849266894, "ap": 23.786729983485056}, "retrieved": {"auroc": 62.068335385454056, "ap": 24.14455126967356}, "smoothed": {"auroc": 64.02194180479937, "ap": 32.453345987842724}, "final": {"auroc": 63.61731642897636, "ap": 31.82746589805091}}, "macro": {"initial": {"auroc": 56.12626475489829, "ap": 22.45652441055187}, "retrieved": {"auroc": 56.76040400261279, "ap": 23.631356735762814}, "smoothed": {"auroc": 63.266331814465154, "ap": 30.966981990396455}, "final": {"auroc": 62.88390456213136, "ap": 31.20063371486025}}}}
