{
  "status": "prepared",
  "scenes": [
    "R01",
    "R02",
    "R03",
    "R04"
  ],
  "prompts": 12,
  "prompt_sha256": {
    "R01": {
      "P1": "6fc406749f3c830518f8a3df3bc55756bc8e25db2476a9b1ecb08c21a251f4d5",
      "P2": "9eac206a28a691b5265bac7e981d079a5d73adf00260c34394f14261f2793305",
      "P3": "9ec640caabd16d3a63ec09129f159de272e01b43c0a13204372243d52c5619b8"
    },
    "R02": {
      "P1": "486f297c6a6b3e35dac49fe91b6663a687a058a6db6c8b00956e50ea1dc20cab",
      "P2": "d424aedcc37d856f1c644c5370ab031011817668bb578b878f76b2b293c4ff55",
      "P3": "3cffcaca0e1d9e69a9ff56945206d168e3fe6a907e70209f97b614b3dfd87297"
    },
    "R03": {
      "P1": "79cf5527ff7244f27ef0865a3010a955bdc8807158d899db5076712d7a2c0d16",
      "P2": "92839c765ca38ad83175b09e15fffb516a0ef612b95ebdaff66ceeed42d83cfb",
      "P3": "9a1de33d28a105d91bd7ad84c0cb87204bf12eae30ee20f01a7629b82dd44d0b"
    },
    "R04": {
      "P1": "e633ef297118783c45eab069d23e06bad58a7acc10641fb07cd59d63f88a42c5",
      "P2": "07a442db038b24a48d5abc3ce2f6443f4e65914e8481e6381f6fd60dc3d8aad1",
      "P3": "2fd48ec383764d836d1612bc5616b2b384a3eb8866beb033b4cfa2a0b409de49"
    }
  }
}
