{
  "R01": {
    "examples": 1,
    "literal_response_indicators": {
      "B": {
        "segments": 163,
        "positive_segments": 0,
        "positive_responses_naming_rule_id": 0,
        "responses_with_uncertainty_phrase": 0,
        "uncertainty_phrase_fraction": 0.0,
        "rule_id_mention_fraction_among_positive_responses": null
      },
      "C": {
        "segments": 163,
        "positive_segments": 0,
        "positive_responses_naming_rule_id": 0,
        "responses_with_uncertainty_phrase": 0,
        "uncertainty_phrase_fraction": 0.0,
        "rule_id_mention_fraction_among_positive_responses": null
      }
    }
  },
  "R02": {
    "examples": 2,
    "literal_response_indicators": {
      "B": {
        "segments": 335,
        "positive_segments": 1,
        "positive_responses_naming_rule_id": 0,
        "responses_with_uncertainty_phrase": 0,
        "uncertainty_phrase_fraction": 0.0,
        "rule_id_mention_fraction_among_positive_responses": 0.0
      },
      "C": {
        "segments": 335,
        "positive_segments": 0,
        "positive_responses_naming_rule_id": 0,
        "responses_with_uncertainty_phrase": 0,
        "uncertainty_phrase_fraction": 0.0,
        "rule_id_mention_fraction_among_positive_responses": null
      }
    }
  },
  "R03": {
    "examples": 2,
    "literal_response_indicators": {
      "B": {
        "segments": 352,
        "positive_segments": 0,
        "positive_responses_naming_rule_id": 0,
        "responses_with_uncertainty_phrase": 0,
        "uncertainty_phrase_fraction": 0.0,
        "rule_id_mention_fraction_among_positive_responses": null
      },
      "C": {
        "segments": 352,
        "positive_segments": 0,
        "positive_responses_naming_rule_id": 0,
        "responses_with_uncertainty_phrase": 0,
        "uncertainty_phrase_fraction": 0.0,
        "rule_id_mention_fraction_among_positive_responses": null
      }
    }
  }
}
