/home/jeong/Desktop/IPAD/cache/vera/venv/lib/python3.13/site-packages/timm/models/layers/__init__.py:49: FutureWarning: Importing from timm.models.layers is deprecated, please import via timm.layers
  warnings.warn(f"Importing from {__name__} is deprecated, please import via timm.layers", FutureWarning)
InternLM2ForCausalLM has generative capabilities, as `prepare_inputs_for_generation` is explicitly overwritten. However, it doesn't directly inherit from `GenerationMixin`. From 👉v4.50👈 onwards, `PreTrainedModel` will NOT inherit from `GenerationMixin`, and this model will lose the ability to call `generate` and other related functions.
  - If you're using `trust_remote_code=True`, you can get rid of this warning by loading the model with an auto class. See https://huggingface.co/docs/transformers/en/model_doc/auto#auto-classes
  - If you are the owner of the model architecture code, please modify your model class such that it inherits from `GenerationMixin` (after `PreTrainedModel`, otherwise you'll get an exception).
  - If you are not the owner of the model architecture class, please contact the model code owner to update it.
FlashAttention2 is not installed.
Warning: Flash attention is not available, using eager attention instead.
Loading checkpoint shards:   0%|          | 0/4 [00:00<?, ?it/s]Loading checkpoint shards: 100%|██████████| 4/4 [00:00<00:00, 102.25it/s]
{"event": "normal_video_observed", "scene": "R04", "video": "R04/training/01", "segments": 20}
{"event": "normal_video_observed", "scene": "R04", "video": "R04/training/03", "segments": 29}
{"event": "normal_video_observed", "scene": "R04", "video": "R04/training/07", "segments": 25}
{"event": "normal_video_observed", "scene": "R04", "video": "R04/training/08", "segments": 26}
{"event": "normal_video_observed", "scene": "R04", "video": "R04/training/09", "segments": 27}
{"event": "normal_video_observed", "scene": "R04", "video": "R04/training/10", "segments": 24}
{"event": "normal_video_observed", "scene": "R04", "video": "R04/training/11", "segments": 22}
{"event": "normal_video_observed", "scene": "R04", "video": "R04/training/12", "segments": 24}
{"event": "normal_video_observed", "scene": "R04", "video": "R04/training/14", "segments": 21}
{"event": "normal_video_observed", "scene": "R04", "video": "R04/training/16", "segments": 24}
{"event": "normal_video_observed", "scene": "R04", "video": "R04/training/19", "segments": 25}
{"event": "normal_video_observed", "scene": "R04", "video": "R04/training/22", "segments": 24}
{"event": "normal_video_observed", "scene": "R04", "video": "R04/training/23", "segments": 24}
{"event": "normal_video_observed", "scene": "R04", "video": "R04/training/24", "segments": 23}
Traceback (most recent call last):
  File "/home/jeong/Desktop/IPAD/runs/vera_publication/KNU_Capstone1_VAD_VERA/scripts/build_vera_normal_context_r04.py", line 160, in <module>
    try:main(a.scene)
        ~~~~^^^^^^^^^
  File "/home/jeong/Desktop/IPAD/runs/vera_publication/KNU_Capstone1_VAD_VERA/scripts/build_vera_normal_context_r04.py", line 100, in main
    parsed=parse_json(raw['response'])
  File "/home/jeong/Desktop/IPAD/runs/vera_publication/KNU_Capstone1_VAD_VERA/scripts/vera_stage4_common.py", line 47, in parse_json
    if not isinstance(result,dict):raise ValueError('Expected JSON object')
                                   ^^^^^^^^^^^^^^^^^^^^^^^^^^^^^^^^^^^^^^^^
ValueError: Expected JSON object
