{
  "runtime": {
    "vlm": {
      "segments": 2001,
      "sum_seconds": 3735.8747012927197,
      "mean_seconds": 1.8670038487219989,
      "p50_seconds": 1.853965420043096,
      "p95_seconds": 2.206511925207451,
      "peak_allocated_gib": 18.624591827392578,
      "peak_reserved_gib": 20.21484375
    },
    "features": {
      "segments": 2001,
      "sum_seconds": 377.7239394846838,
      "mean_seconds": 0.1887675859493672,
      "p50_seconds": 0.18847834295593202,
      "p95_seconds": 0.19104803097434342,
      "peak_allocated_gib": 4.79217529296875,
      "peak_reserved_gib": 5.017578125
    }
  },
  "predictions": {
    "R01": {
      "videos": 15,
      "segments": 238,
      "positive_segments": 0,
      "all_zero_videos": 15,
      "all_one_videos": 0
    },
    "R02": {
      "videos": 12,
      "segments": 487,
      "positive_segments": 0,
      "all_zero_videos": 12,
      "all_one_videos": 0
    },
    "R03": {
      "videos": 17,
      "segments": 758,
      "positive_segments": 6,
      "all_zero_videos": 14,
      "all_one_videos": 0
    },
    "R04": {
      "videos": 19,
      "segments": 518,
      "positive_segments": 1,
      "all_zero_videos": 18,
      "all_one_videos": 0
    }
  }
}
