Traceback (most recent call last):
  File "/home/jeong/Desktop/IPAD/cache/vera/venv/lib/python3.13/site-packages/transformers/tokenization_utils_base.py", line 2302, in _from_pretrained
    tokenizer = cls(*init_inputs, **init_kwargs)
  File "/home/jeong/Desktop/IPAD/cache/vera/hf/modules/transformers_modules/InternVL2-8B/tokenization_internlm2.py", line 68, in __init__
    self.sp_model.Load(vocab_file)
    ~~~~~~~~~~~~~~~~~~^^^^^^^^^^^^
  File "/home/jeong/Desktop/IPAD/cache/vera/venv/lib/python3.13/site-packages/sentencepiece/__init__.py", line 209, in Load
    return self.LoadFromFile(model_file)
           ~~~~~~~~~~~~~~~~~^^^^^^^^^^^^
  File "/home/jeong/Desktop/IPAD/cache/vera/venv/lib/python3.13/site-packages/sentencepiece/__init__.py", line 213, in LoadFromFile
    return self._processor.LoadFromFile(filename)
           ~~~~~~~~~~~~~~~~~~~~~~~~~~~~^^^^^^^^^^
RuntimeError: INTERNAL: piece must not include null character.

During handling of the above exception, another exception occurred:

Traceback (most recent call last):
  File "<stdin>", line 8, in <module>
  File "/home/jeong/Desktop/IPAD/ipad/vera_models.py", line 19, in __init__
    self.tokenizer = AutoTokenizer.from_pretrained(str(root), trust_remote_code=True, use_fast=False, local_files_only=True)
                     ~~~~~~~~~~~~~~~~~~~~~~~~~~~~~^^^^^^^^^^^^^^^^^^^^^^^^^^^^^^^^^^^^^^^^^^^^^^^^^^^^^^^^^^^^^^^^^^^^^^^^^^
  File "/home/jeong/Desktop/IPAD/cache/vera/venv/lib/python3.13/site-packages/transformers/models/auto/tokenization_auto.py", line 994, in from_pretrained
    return tokenizer_class.from_pretrained(
           ~~~~~~~~~~~~~~~~~~~~~~~~~~~~~~~^
        pretrained_model_name_or_path, *inputs, trust_remote_code=trust_remote_code, **kwargs
        ^^^^^^^^^^^^^^^^^^^^^^^^^^^^^^^^^^^^^^^^^^^^^^^^^^^^^^^^^^^^^^^^^^^^^^^^^^^^^^^^^^^^^
    )
    ^
  File "/home/jeong/Desktop/IPAD/cache/vera/venv/lib/python3.13/site-packages/transformers/tokenization_utils_base.py", line 2062, in from_pretrained
    return cls._from_pretrained(
           ~~~~~~~~~~~~~~~~~~~~^
        resolved_vocab_files,
        ^^^^^^^^^^^^^^^^^^^^^
    ...<9 lines>...
        **kwargs,
        ^^^^^^^^^
    )
    ^
  File "/home/jeong/Desktop/IPAD/cache/vera/venv/lib/python3.13/site-packages/transformers/tokenization_utils_base.py", line 2303, in _from_pretrained
    except import_protobuf_decode_error():
           ~~~~~~~~~~~~~~~~~~~~~~~~~~~~^^
  File "/home/jeong/Desktop/IPAD/cache/vera/venv/lib/python3.13/site-packages/transformers/tokenization_utils_base.py", line 87, in import_protobuf_decode_error
    raise ImportError(PROTOBUF_IMPORT_ERROR.format(error_message))
ImportError: 
 requires the protobuf library but it was not found in your environment. Checkout the instructions on the
installation page of its repo: https://github.com/protocolbuffers/protobuf/tree/master/python#installation and follow the ones
that match your environment. Please note that you may need to restart your runtime after installation.

