/home/jeong/Desktop/IPAD/cache/vera/venv/lib/python3.13/site-packages/timm/models/layers/__init__.py:49: FutureWarning: Importing from timm.models.layers is deprecated, please import via timm.layers
  warnings.warn(f"Importing from {__name__} is deprecated, please import via timm.layers", FutureWarning)
FlashAttention2 is not installed.
InternLM2ForCausalLM has generative capabilities, as `prepare_inputs_for_generation` is explicitly overwritten. However, it doesn't directly inherit from `GenerationMixin`. From 👉v4.50👈 onwards, `PreTrainedModel` will NOT inherit from `GenerationMixin`, and this model will lose the ability to call `generate` and other related functions.
  - If you're using `trust_remote_code=True`, you can get rid of this warning by loading the model with an auto class. See https://huggingface.co/docs/transformers/en/model_doc/auto#auto-classes
  - If you are the owner of the model architecture code, please modify your model class such that it inherits from `GenerationMixin` (after `PreTrainedModel`, otherwise you'll get an exception).
  - If you are not the owner of the model architecture class, please contact the model code owner to update it.
Warning: Flash attention is not available, using eager attention instead.
Loading checkpoint shards:   0%|          | 0/4 [00:00<?, ?it/s]Loading checkpoint shards: 100%|██████████| 4/4 [00:00<00:00, 101.29it/s]
diagnostic vlm R01/01 complete
diagnostic vlm R02/01 complete
diagnostic vlm R03/01 complete
diagnostic vlm R04/01 complete
/home/jeong/Desktop/IPAD/.venv/lib/python3.13/site-packages/torchvision/transforms/_functional_video.py:6: UserWarning: The 'torchvision.transforms._functional_video' module is deprecated since 0.12 and will be removed in the future. Please use the 'torchvision.transforms.functional' module instead.
  warnings.warn(
/home/jeong/Desktop/IPAD/.venv/lib/python3.13/site-packages/torchvision/transforms/_transforms_video.py:22: UserWarning: The 'torchvision.transforms._transforms_video' module is deprecated since 0.12 and will be removed in the future. Please use the 'torchvision.transforms' module instead.
  warnings.warn(
diagnostic features R01/01 complete
diagnostic features R02/01 complete
diagnostic features R03/01 complete
diagnostic features R04/01 complete
Warning: Flash attention is not available, using eager attention instead.
Loading checkpoint shards:   0%|          | 0/4 [00:00<?, ?it/s]Loading checkpoint shards: 100%|██████████| 4/4 [00:00<00:00, 107.20it/s]
inference vlm R01/01 complete
inference vlm R01/02 complete
inference vlm R01/03 complete
inference vlm R01/04 complete
inference vlm R01/05 complete
inference vlm R01/06 complete
inference vlm R01/07 complete
inference vlm R01/08 complete
inference vlm R01/09 complete
inference vlm R01/10 complete
inference vlm R01/11 complete
inference vlm R01/12 complete
inference vlm R01/13 complete
inference vlm R01/14 complete
inference vlm R01/15 complete
inference vlm R02/01 complete
inference vlm R02/02 complete
inference vlm R02/03 complete
inference vlm R02/04 complete
inference vlm R02/05 complete
inference vlm R02/06 complete
inference vlm R02/07 complete
inference vlm R02/08 complete
inference vlm R02/09 complete
inference vlm R02/10 complete
inference vlm R02/11 complete
inference vlm R02/15 complete
inference vlm R03/01 complete
inference vlm R03/02 complete
inference vlm R03/03 complete
inference vlm R03/04 complete
inference vlm R03/05 complete
inference vlm R03/06 complete
inference vlm R03/07 complete
inference vlm R03/08 complete
inference vlm R03/09 complete
inference vlm R03/10 complete
inference vlm R03/11 complete
inference vlm R03/12 complete
inference vlm R03/13 complete
inference vlm R03/14 complete
inference vlm R03/15 complete
inference vlm R03/16 complete
inference vlm R03/17 complete
inference vlm R04/01 complete
inference vlm R04/02 complete
inference vlm R04/03 complete
inference vlm R04/04 complete
inference vlm R04/05 complete
inference vlm R04/06 complete
inference vlm R04/07 complete
inference vlm R04/08 complete
inference vlm R04/09 complete
inference vlm R04/10 complete
inference vlm R04/11 complete
inference vlm R04/12 complete
inference vlm R04/13 complete
inference vlm R04/14 complete
inference vlm R04/15 complete
inference vlm R04/16 complete
inference vlm R04/17 complete
inference vlm R04/18 complete
inference vlm R04/19 complete
inference features R01/01 complete
inference features R01/02 complete
inference features R01/03 complete
inference features R01/04 complete
inference features R01/05 complete
inference features R01/06 complete
inference features R01/07 complete
inference features R01/08 complete
inference features R01/09 complete
inference features R01/10 complete
inference features R01/11 complete
inference features R01/12 complete
inference features R01/13 complete
inference features R01/14 complete
inference features R01/15 complete
inference features R02/01 complete
inference features R02/02 complete
inference features R02/03 complete
inference features R02/04 complete
inference features R02/05 complete
inference features R02/06 complete
inference features R02/07 complete
inference features R02/08 complete
inference features R02/09 complete
inference features R02/10 complete
inference features R02/11 complete
inference features R02/15 complete
inference features R03/01 complete
inference features R03/02 complete
inference features R03/03 complete
inference features R03/04 complete
inference features R03/05 complete
inference features R03/06 complete
inference features R03/07 complete
inference features R03/08 complete
inference features R03/09 complete
inference features R03/10 complete
inference features R03/11 complete
inference features R03/12 complete
inference features R03/13 complete
inference features R03/14 complete
inference features R03/15 complete
inference features R03/16 complete
inference features R03/17 complete
inference features R04/01 complete
inference features R04/02 complete
inference features R04/03 complete
inference features R04/04 complete
inference features R04/05 complete
inference features R04/06 complete
inference features R04/07 complete
inference features R04/08 complete
inference features R04/09 complete
inference features R04/10 complete
inference features R04/11 complete
inference features R04/12 complete
inference features R04/13 complete
inference features R04/14 complete
inference features R04/15 complete
inference features R04/16 complete
inference features R04/17 complete
inference features R04/18 complete
inference features R04/19 complete
{
  "scenes": {
    "R01": {
      "auroc": 50.0,
      "auprc": 34.02985074626866,
      "frames": 3685
    },
    "R02": {
      "auroc": 50.0,
      "auprc": 33.89566571502725,
      "frames": 7706
    },
    "R03": {
      "auroc": 55.27346752182428,
      "auprc": 48.63061525457103,
      "frames": 12005
    },
    "R04": {
      "auroc": 52.79598077763216,
      "auprc": 58.596621844692855,
      "frames": 8154
    }
  },
  "pooled": {
    "auroc": 52.884495626987324,
    "auprc": 46.202250098924864,
    "frames": 31550
  },
  "macro": {
    "auroc": 52.01736207486411,
    "auprc": 43.78818839013995
  }
}
