/home/jeong/Desktop/IPAD/runs/vera_publication/KNU_Capstone1_VAD_VERA/cache/stage8/dino/7764ea0f912e53c92e82eb78a2a1631e92725fc8/dinov2/layers/swiglu_ffn.py:51: UserWarning: xFormers is not available (SwiGLU)
  warnings.warn("xFormers is not available (SwiGLU)")
/home/jeong/Desktop/IPAD/runs/vera_publication/KNU_Capstone1_VAD_VERA/cache/stage8/dino/7764ea0f912e53c92e82eb78a2a1631e92725fc8/dinov2/layers/attention.py:33: UserWarning: xFormers is not available (Attention)
  warnings.warn("xFormers is not available (Attention)")
/home/jeong/Desktop/IPAD/runs/vera_publication/KNU_Capstone1_VAD_VERA/cache/stage8/dino/7764ea0f912e53c92e82eb78a2a1631e92725fc8/dinov2/layers/block.py:40: UserWarning: xFormers is not available (Block)
  warnings.warn("xFormers is not available (Block)")
{"event": "memory_fit", "scene": "R01", "samples": 6039, "prototypes": 190}
{"event": "score_video", "video_id": "R01/training/02"}
{"event": "score_video", "video_id": "R01/training/03"}
{"event": "score_video", "video_id": "R01/training/04"}
{"event": "score_video", "video_id": "R01/training/05"}
{"event": "score_video", "video_id": "R01/training/11"}
{"event": "score_video", "video_id": "R01/training/12"}
{"event": "score_video", "video_id": "R01/training/19"}
{"event": "score_video", "video_id": "R01/training/22"}
{"event": "score_video", "video_id": "R01/training/25"}
{"event": "score_video", "video_id": "R01/training/27"}
{"event": "score_video", "video_id": "R01/training/28"}
{"event": "score_video", "video_id": "R01/testing/06"}
{"event": "score_video", "video_id": "R01/testing/07"}
{"event": "score_video", "video_id": "R01/testing/08"}
{"event": "score_video", "video_id": "R01/testing/09"}
{"event": "score_video", "video_id": "R01/testing/10"}
{"event": "memory_fit", "scene": "R02", "samples": 10037, "prototypes": 200}
{"event": "score_video", "video_id": "R02/training/01"}
{"event": "score_video", "video_id": "R02/training/05"}
{"event": "score_video", "video_id": "R02/training/08"}
{"event": "score_video", "video_id": "R02/training/09"}
{"event": "score_video", "video_id": "R02/training/10"}
{"event": "score_video", "video_id": "R02/training/23"}
{"event": "score_video", "video_id": "R02/training/24"}
{"event": "score_video", "video_id": "R02/training/26"}
{"event": "score_video", "video_id": "R02/training/28"}
{"event": "score_video", "video_id": "R02/testing/02"}
{"event": "score_video", "video_id": "R02/testing/05"}
{"event": "score_video", "video_id": "R02/testing/07"}
{"event": "score_video", "video_id": "R02/testing/08"}
{"event": "memory_fit", "scene": "R03", "samples": 10061, "prototypes": 200}
{"event": "score_video", "video_id": "R03/training/02"}
{"event": "score_video", "video_id": "R03/training/06"}
{"event": "score_video", "video_id": "R03/training/16"}
{"event": "score_video", "video_id": "R03/training/20"}
{"event": "score_video", "video_id": "R03/training/21"}
{"event": "score_video", "video_id": "R03/training/22"}
{"event": "score_video", "video_id": "R03/testing/01"}
{"event": "score_video", "video_id": "R03/testing/07"}
{"event": "score_video", "video_id": "R03/testing/08"}
{"event": "score_video", "video_id": "R03/testing/11"}
{"event": "score_video", "video_id": "R03/testing/12"}
{"event": "score_video", "video_id": "R03/testing/16"}
{"event": "memory_fit", "scene": "R04", "samples": 6608, "prototypes": 200}
{"event": "score_video", "video_id": "R04/training/02"}
{"event": "score_video", "video_id": "R04/training/05"}
{"event": "score_video", "video_id": "R04/training/17"}
{"event": "score_video", "video_id": "R04/training/18"}
{"event": "score_video", "video_id": "R04/training/20"}
{"event": "score_video", "video_id": "R04/training/21"}
{"event": "score_video", "video_id": "R04/training/25"}
{"event": "score_video", "video_id": "R04/testing/02"}
{"event": "score_video", "video_id": "R04/testing/03"}
{"event": "score_video", "video_id": "R04/testing/09"}
{"event": "score_video", "video_id": "R04/testing/15"}
{"event": "score_video", "video_id": "R04/testing/16"}
{"event": "score_video", "video_id": "R04/testing/18"}
