{
  "status": "passed",
  "R04_normal_and_evaluation": "complete",
  "canonical_R04_only": true,
  "candidate_rules": 5,
  "duplicate_rules": 4,
  "accepted_rules": 1,
  "grounding_by_rule": {
    "N1": {
      "grounded": 12,
      "none": 2,
      "failed": 0
    }
  },
  "support_calls": 12,
  "audit_windows": 100,
  "R04_evaluation_frames_per_condition": 3489,
  "R01_R03_files_unchanged": 5635,
  "R01_R03_readme_sections_unchanged": true,
  "cache_hashes_and_frozen_sources_verified": true,
  "repository_tests_passed": 88,
  "publication_policy_files_checked": 7323,
  "README_matches_current_artifacts": true
}
