{
  "rule": "highest validation video classification accuracy; earliest candidate on ties",
  "selected": {
    "step": 0,
    "questions": "1. Is there any suspicious person or object that looks unusual in this scene?\n2. Is there any behavior that looks unusual in this scene?\n",
    "correct": 11,
    "total": 17,
    "accuracy": 0.6470588235294118,
    "confusion": {
      "tp": 0,
      "fp": 0,
      "tn": 11,
      "fn": 6
    }
  },
  "candidates": [
    {
      "step": 0,
      "questions": "1. Is there any suspicious person or object that looks unusual in this scene?\n2. Is there any behavior that looks unusual in this scene?\n",
      "correct": 11,
      "total": 17,
      "accuracy": 0.6470588235294118,
      "confusion": {
        "tp": 0,
        "fp": 0,
        "tn": 11,
        "fn": 6
      }
    },
    {
      "step": 100,
      "questions": "1. Are there any objects that are not in their usual state or condition, such as being damaged or malfunctioning?\n2. Are there any objects that are not in their expected location or are out of place in the given environment?\n3. Are there any objects that are not interacting with other objects in a typical way, such as being disconnected or not functioning as expected?\n4. Are there any objects that are not moving or are moving in an unusual way, such as being stuck or not responding to typical stimuli?\n5. Are there any objects that are not aligned or are misaligned with other objects or the environment?\n",
      "correct": 11,
      "total": 17,
      "accuracy": 0.6470588235294118,
      "confusion": {
        "tp": 2,
        "fp": 2,
        "tn": 9,
        "fn": 4
      }
    },
    {
      "step": 200,
      "questions": "1. Is there a forklift present in the video frames?\n2. Are there any objects in the video frames that are not typically found in the given environment?\n3. Are there any objects in the video frames that are not interacting with the environment or other objects in a typical manner?\n4. Are there any objects in the video frames that are not in their usual position or orientation, such as being upside down or placed in an unusual location?\n5. Are there any objects in the video frames that are causing any unusual visual or auditory effects, such as creating a loud noise or producing a strange visual distortion?\n",
      "correct": 11,
      "total": 17,
      "accuracy": 0.6470588235294118,
      "confusion": {
        "tp": 0,
        "fp": 0,
        "tn": 11,
        "fn": 6
      }
    },
    {
      "step": 300,
      "questions": "1. Are there any unusual objects or actions in the video that indicate an anomaly?\n2. Are there any sudden changes in the position or orientation of objects in the video?\n3. Are there any objects in the video that appear damaged or malfunctioning?\n4. Are there any patterns or trends in the model's predictions for similar inputs that can be used to improve its performance?\n5. How can the model be further optimized to improve its performance on this task by considering the interactions between objects and their positions?\n",
      "correct": 11,
      "total": 17,
      "accuracy": 0.6470588235294118,
      "confusion": {
        "tp": 0,
        "fp": 0,
        "tn": 11,
        "fn": 6
      }
    },
    {
      "step": 400,
      "questions": "1. Is the forklift consistently picking up and moving the objects on the floor?\n2. Are the objects on the floor consistently being moved and placed by the forklift as expected?\n3. Is the forklift operating at a consistent speed and force when picking up and moving the objects?\n4. Are there any unexpected movements or actions of the forklift that deviate from its typical operation?\n5. Are there any objects on the floor that are not consistently being moved or interacted with by the forklift, which is unexpected?\n",
      "correct": 11,
      "total": 17,
      "accuracy": 0.6470588235294118,
      "confusion": {
        "tp": 0,
        "fp": 0,
        "tn": 11,
        "fn": 6
      }
    },
    {
      "step": 500,
      "questions": "1. Are there any objects that are not in their expected location or context within the scene?\n2. Are there any objects that are not aligned or positioned correctly relative to each other?\n3. Are there any objects that are not consistent with the overall theme or activity in the video?\n4. Are there any objects that are not part of the expected setup or environment?\n5. Are there any objects that seem to be out of scale or proportion compared to other objects in the video?\n",
      "correct": 11,
      "total": 17,
      "accuracy": 0.6470588235294118,
      "confusion": {
        "tp": 1,
        "fp": 1,
        "tn": 10,
        "fn": 5
      }
    },
    {
      "step": 600,
      "questions": "1. Are there any objects in the video that are not typically found in this setting?\n2. Are there any objects in the video that are not behaving as expected (e.g., moving in unusual ways)?\n3. Are there any objects in the video that are out of place or not interacting with other objects as expected?\n4. Are there any objects in the video that are damaged or appear to be malfunctioning?\n5. Are there any objects in the video that are not present in the rest of the video frames?\n",
      "correct": 11,
      "total": 17,
      "accuracy": 0.6470588235294118,
      "confusion": {
        "tp": 0,
        "fp": 0,
        "tn": 11,
        "fn": 6
      }
    }
  ],
  "validation_source_sha256": {
    "experiments/stage2_2/validation/0000.json": "e505c79d492019c53d8f0d610f5306744479369de599e088e1a7c3c5f0a6723c",
    "experiments/stage2_2/validation/0100.json": "4e5d89278b6de5ce29e0a61169e3a5e487459a9c24564319ffc5303281a3c9e6",
    "experiments/stage2_2/validation/0200.json": "090cbd886ddf674e77804c50e9999c7932071950ffb82ea184bce09023f181e6",
    "experiments/stage2_2/validation/0300.json": "d1e3fce9b557b919f03fb215e3ff6909c7468936c8778994e9fd0d65d139e7fa",
    "experiments/stage2_2/validation/0400.json": "fc7e20c512a33014cfcd604c8ad5fc8fc3eac53a3229407801e6461ba5947ed4",
    "experiments/stage2_2/validation/0500.json": "629186aa32a457935fb7aadc00558674394427d36d18b850c1d41c323ee04229",
    "experiments/stage2_2/validation/0600.json": "f9c49750cb21ae343f31a3bb110fb6f1898493ad663b90e0bc8e65a321ed40bc"
  },
  "training_frozen_sha256": "628b71662402a37f45b607c184e8f2c701c0155f89ae8df3b6d3582c42c69d4e",
  "split_sha256": "0da4a61dc7be331e42014dba680740c50fe20ef8e98ec3d177172c0a0da5dd76",
  "questions_sha256": "c520167b85b0aac457de863326dff7db3607fc57b450af5ac2fa961c6592a244",
  "evaluation_data_used": false
}
