{
  "ONE_2s": {
    "initial": {
      "auroc": 50.0,
      "ap": 20.204942350874184
    },
    "retrieved": {
      "auroc": 49.525372881741546,
      "ap": 20.15058258448625
    },
    "smoothed": {
      "auroc": 56.12232851360706,
      "ap": 22.54863040045297
    },
    "final": {
      "auroc": 58.95370367891077,
      "ap": 24.89646277869203
    }
  },
  "ONE_4s": {
    "initial": {
      "auroc": 50.0,
      "ap": 20.204942350874184
    },
    "retrieved": {
      "auroc": 49.76809267130675,
      "ap": 19.995067198000918
    },
    "smoothed": {
      "auroc": 56.899390262140734,
      "ap": 22.64501124146564
    },
    "final": {
      "auroc": 58.953582578476215,
      "ap": 24.897346187909545
    }
  }
}
