{
  "R01": {
    "examples": 1,
    "literal_response_indicators": {
      "B": {
        "segments": 163,
        "positive_segments": 0,
        "positive_responses_naming_rule_id": 0,
        "responses_with_uncertainty_phrase": 0,
        "uncertainty_phrase_fraction": 0.0,
        "rule_id_mention_fraction_among_positive_responses": null
      },
      "C": {
        "segments": 163,
        "positive_segments": 0,
        "positive_responses_naming_rule_id": 0,
        "responses_with_uncertainty_phrase": 0,
        "uncertainty_phrase_fraction": 0.0,
        "rule_id_mention_fraction_among_positive_responses": null
      }
    }
  },
  "R02": {
    "examples": 2,
    "literal_response_indicators": {
      "B": {
        "segments": 335,
        "positive_segments": 1,
        "positive_responses_naming_rule_id": 0,
        "responses_with_uncertainty_phrase": 0,
        "uncertainty_phrase_fraction": 0.0,
        "rule_id_mention_fraction_among_positive_responses": 0.0
      },
      "C": {
        "segments": 335,
        "positive_segments": 0,
        "positive_responses_naming_rule_id": 0,
        "responses_with_uncertainty_phrase": 0,
        "uncertainty_phrase_fraction": 0.0,
        "rule_id_mention_fraction_among_positive_responses": null
      }
    }
  },
  "R03": {
    "examples": 2,
    "literal_response_indicators": {
      "B": {
        "segments": 352,
        "positive_segments": 0,
        "positive_responses_naming_rule_id": 0,
        "responses_with_uncertainty_phrase": 0,
        "uncertainty_phrase_fraction": 0.0,
        "rule_id_mention_fraction_among_positive_responses": null
      },
      "C": {
        "segments": 352,
        "positive_segments": 0,
        "positive_responses_naming_rule_id": 0,
        "responses_with_uncertainty_phrase": 0,
        "uncertainty_phrase_fraction": 0.0,
        "rule_id_mention_fraction_among_positive_responses": null
      }
    }
  }
}
Execution evidence: experiments/stage4/execution/explanation_analysis/20260927T153253Z_39fd8e4d
................................................................         [100%]
64 passed in 2.96s
Execution evidence: experiments/stage4/execution/final_tests/20260927T153255Z_39b4f496
{
  "A": {
    "frames": 13373,
    "videos": 28,
    "macro": {
      "auroc": 48.8033380569989,
      "ap": 16.144088606936098
    },
    "pooled": {
      "auroc": 48.642857142857146,
      "ap": 16.249158752710684
    },
    "initial_binary_pooled": {
      "tp": 0,
      "fp": 16,
      "tn": 11184,
      "fn": 2173,
      "recall": 0.0,
      "fpr": 0.0014285714285714286
    }
  },
  "B": {
    "frames": 13373,
    "videos": 28,
    "macro": {
      "auroc": 49.12316755719962,
      "ap": 16.144088606936098
    },
    "pooled": {
      "auroc": 48.857142857142854,
      "ap": 16.249158752710684
    },
    "initial_binary_pooled": {
      "tp": 0,
      "fp": 16,
      "tn": 11184,
      "fn": 2173,
      "recall": 0.0,
      "fpr": 0.0014285714285714286
    }
  },
  "C": {
    "frames": 13373,
    "videos": 28,
    "macro": {
      "auroc": 50.0,
      "ap": 16.144088606936098
    },
    "pooled": {
      "auroc": 50.0,
      "ap": 16.249158752710684
    },
    "initial_binary_pooled": {
      "tp": 0,
      "fp": 0,
      "tn": 11200,
      "fn": 2173,
      "recall": 0.0,
      "fpr": 0.0
    }
  }
}
