/home/jeong/Desktop/IPAD/cache/vera/venv/lib/python3.13/site-packages/timm/models/layers/__init__.py:49: FutureWarning: Importing from timm.models.layers is deprecated, please import via timm.layers
  warnings.warn(f"Importing from {__name__} is deprecated, please import via timm.layers", FutureWarning)
InternLM2ForCausalLM has generative capabilities, as `prepare_inputs_for_generation` is explicitly overwritten. However, it doesn't directly inherit from `GenerationMixin`. From 👉v4.50👈 onwards, `PreTrainedModel` will NOT inherit from `GenerationMixin`, and this model will lose the ability to call `generate` and other related functions.
  - If you're using `trust_remote_code=True`, you can get rid of this warning by loading the model with an auto class. See https://huggingface.co/docs/transformers/en/model_doc/auto#auto-classes
  - If you are the owner of the model architecture code, please modify your model class such that it inherits from `GenerationMixin` (after `PreTrainedModel`, otherwise you'll get an exception).
  - If you are not the owner of the model architecture class, please contact the model code owner to update it.
FlashAttention2 is not installed.
Warning: Flash attention is not available, using eager attention instead.
Loading checkpoint shards:   0%|          | 0/4 [00:00<?, ?it/s]Loading checkpoint shards: 100%|██████████| 4/4 [00:00<00:00, 97.76it/s]
{"event": "normal_video_observed", "scene": "R03", "video": "R03/testing/17", "segments": 45}
{"event": "normal_video_observed", "scene": "R03", "video": "R03/training/01", "segments": 42}
{"event": "normal_video_observed", "scene": "R03", "video": "R03/training/05", "segments": 45}
{"event": "normal_video_observed", "scene": "R03", "video": "R03/training/07", "segments": 44}
{"event": "normal_video_observed", "scene": "R03", "video": "R03/training/08", "segments": 45}
{"event": "normal_video_observed", "scene": "R03", "video": "R03/training/09", "segments": 47}
{"event": "normal_video_observed", "scene": "R03", "video": "R03/training/10", "segments": 44}
{"event": "normal_video_observed", "scene": "R03", "video": "R03/training/11", "segments": 44}
{"event": "normal_video_observed", "scene": "R03", "video": "R03/training/14", "segments": 40}
{"event": "normal_video_observed", "scene": "R03", "video": "R03/training/15", "segments": 45}
{"event": "normal_video_observed", "scene": "R03", "video": "R03/training/17", "segments": 43}
{"event": "normal_video_observed", "scene": "R03", "video": "R03/training/18", "segments": 44}
{"event": "normal_video_observed", "scene": "R03", "video": "R03/training/19", "segments": 44}
{"event": "normal_audit_video_complete", "scene": "R03", "video": "R03/training/03"}
{"event": "normal_audit_video_complete", "scene": "R03", "video": "R03/training/04"}
{"event": "normal_audit_video_complete", "scene": "R03", "video": "R03/training/12"}
{"event": "normal_audit_video_complete", "scene": "R03", "video": "R03/training/13"}
NORMAL PROFILE COMPLETE R03
