[
  {
    "source": "experiments/stage2_2/learner_responses.jsonl",
    "sha256": "d225343a6fa8078ffce6ecf502bff1a76b68ce7cc3861ec37a5113caa21ba26f",
    "calls": 1202,
    "prediction_counts": {
      "0": 1132,
      "1": 70
    },
    "parsing_failures": 0,
    "parser": "unchanged scripts.train_vera_questions.parse_response applied to saved raw responses",
    "n_unique_scores": 2,
    "unit": "historical video-level learner/validation calls, not frame-aligned evaluation",
    "frame_auroc": "not available; never pool with frame evaluation",
    "keys_first_record": [
      "video_id",
      "frame_ids",
      "prompt",
      "response",
      "seconds",
      "peak_allocated_gib",
      "peak_reserved_gib",
      "iteration",
      "target"
    ]
  },
  {
    "source": "experiments/stage2_2/validation_responses.jsonl",
    "sha256": "7d26b815f4deabaab1d68cca5360de08bbcaa56d4840e64d4d30dcfc035c08f7",
    "calls": 119,
    "prediction_counts": {
      "0": 113,
      "1": 6
    },
    "parsing_failures": 0,
    "parser": "unchanged scripts.train_vera_questions.parse_response applied to saved raw responses",
    "n_unique_scores": 2,
    "unit": "historical video-level learner/validation calls, not frame-aligned evaluation",
    "frame_auroc": "not available; never pool with frame evaluation",
    "keys_first_record": [
      "video_id",
      "frame_ids",
      "prompt",
      "response",
      "seconds",
      "peak_allocated_gib",
      "peak_reserved_gib",
      "target",
      "step"
    ]
  }
]
