/home/jeong/Desktop/IPAD/cache/vera/venv/lib/python3.13/site-packages/timm/models/layers/__init__.py:49: FutureWarning: Importing from timm.models.layers is deprecated, please import via timm.layers
  warnings.warn(f"Importing from {__name__} is deprecated, please import via timm.layers", FutureWarning)
InternLM2ForCausalLM has generative capabilities, as `prepare_inputs_for_generation` is explicitly overwritten. However, it doesn't directly inherit from `GenerationMixin`. From 👉v4.50👈 onwards, `PreTrainedModel` will NOT inherit from `GenerationMixin`, and this model will lose the ability to call `generate` and other related functions.
  - If you're using `trust_remote_code=True`, you can get rid of this warning by loading the model with an auto class. See https://huggingface.co/docs/transformers/en/model_doc/auto#auto-classes
  - If you are the owner of the model architecture code, please modify your model class such that it inherits from `GenerationMixin` (after `PreTrainedModel`, otherwise you'll get an exception).
  - If you are not the owner of the model architecture class, please contact the model code owner to update it.
FlashAttention2 is not installed.
Warning: Flash attention is not available, using eager attention instead.
Loading checkpoint shards:   0%|          | 0/4 [00:00<?, ?it/s]Loading checkpoint shards: 100%|██████████| 4/4 [00:00<00:00, 107.12it/s]
{"event": "iteration", "iteration": 218, "epoch": 4, "correct": 1, "optimizer_parse_error": null, "seconds": 8.626076315995306}
{"event": "iteration", "iteration": 219, "epoch": 4, "correct": 2, "optimizer_parse_error": null, "seconds": 8.751356441760436}
{"event": "iteration", "iteration": 220, "epoch": 4, "correct": 1, "optimizer_parse_error": null, "seconds": 8.50138827203773}
{"event": "iteration", "iteration": 221, "epoch": 4, "correct": 2, "optimizer_parse_error": null, "seconds": 7.8796394360251725}
{"event": "iteration", "iteration": 222, "epoch": 4, "correct": 0, "optimizer_parse_error": null, "seconds": 9.170646463055164}
{"event": "iteration", "iteration": 223, "epoch": 4, "correct": 2, "optimizer_parse_error": null, "seconds": 7.994915787829086}
{"event": "iteration", "iteration": 224, "epoch": 4, "correct": 2, "optimizer_parse_error": null, "seconds": 8.190421197097749}
{"event": "iteration", "iteration": 225, "epoch": 4, "correct": 2, "optimizer_parse_error": null, "seconds": 7.683762367814779}
{"event": "iteration", "iteration": 226, "epoch": 4, "correct": 0, "optimizer_parse_error": "Optimizer did not return 1..5 numbered questions", "seconds": 10.365358976181597}
{"event": "iteration", "iteration": 227, "epoch": 4, "correct": 1, "optimizer_parse_error": null, "seconds": 8.776331709232181}
{"event": "iteration", "iteration": 228, "epoch": 4, "correct": 1, "optimizer_parse_error": null, "seconds": 8.737214423948899}
{"event": "iteration", "iteration": 229, "epoch": 4, "correct": 0, "optimizer_parse_error": null, "seconds": 8.085567974951118}
{"event": "iteration", "iteration": 230, "epoch": 4, "correct": 2, "optimizer_parse_error": null, "seconds": 8.239999620243907}
{"event": "iteration", "iteration": 231, "epoch": 4, "correct": 2, "optimizer_parse_error": null, "seconds": 8.623135023051873}
{"event": "iteration", "iteration": 232, "epoch": 4, "correct": 1, "optimizer_parse_error": null, "seconds": 8.943978691939265}
{"event": "iteration", "iteration": 233, "epoch": 4, "correct": 2, "optimizer_parse_error": null, "seconds": 8.81562372785993}
{"event": "iteration", "iteration": 234, "epoch": 4, "correct": 1, "optimizer_parse_error": null, "seconds": 8.755313771078363}
{"event": "iteration", "iteration": 235, "epoch": 4, "correct": 2, "optimizer_parse_error": null, "seconds": 8.114107930799946}
{"event": "iteration", "iteration": 236, "epoch": 4, "correct": 2, "optimizer_parse_error": null, "seconds": 9.8951656059362}
{"event": "iteration", "iteration": 237, "epoch": 4, "correct": 0, "optimizer_parse_error": null, "seconds": 9.13736372301355}
{"event": "iteration", "iteration": 238, "epoch": 4, "correct": 2, "optimizer_parse_error": null, "seconds": 9.051794772036374}
{"event": "iteration", "iteration": 239, "epoch": 4, "correct": 1, "optimizer_parse_error": null, "seconds": 8.955615757033229}
{"event": "iteration", "iteration": 240, "epoch": 4, "correct": 1, "optimizer_parse_error": null, "seconds": 9.762894054874778}
{"event": "iteration", "iteration": 241, "epoch": 5, "correct": 2, "optimizer_parse_error": null, "seconds": 9.548042896902189}
{"event": "iteration", "iteration": 242, "epoch": 5, "correct": 0, "optimizer_parse_error": null, "seconds": 8.599241896998137}
{"event": "iteration", "iteration": 243, "epoch": 5, "correct": 1, "optimizer_parse_error": null, "seconds": 9.866484723985195}
{"event": "iteration", "iteration": 244, "epoch": 5, "correct": 2, "optimizer_parse_error": null, "seconds": 9.589701758231968}
{"event": "iteration", "iteration": 245, "epoch": 5, "correct": 2, "optimizer_parse_error": null, "seconds": 7.564459644956514}
{"event": "iteration", "iteration": 246, "epoch": 5, "correct": 2, "optimizer_parse_error": null, "seconds": 9.281794229988009}
{"event": "iteration", "iteration": 247, "epoch": 5, "correct": 1, "optimizer_parse_error": null, "seconds": 9.38405690016225}
{"event": "iteration", "iteration": 248, "epoch": 5, "correct": 2, "optimizer_parse_error": null, "seconds": 9.312562237260863}
{"event": "iteration", "iteration": 249, "epoch": 5, "correct": 1, "optimizer_parse_error": null, "seconds": 8.466627797111869}
{"event": "iteration", "iteration": 250, "epoch": 5, "correct": 1, "optimizer_parse_error": "Incomplete/trailing content in question", "seconds": 9.296777677955106}
{"event": "iteration", "iteration": 251, "epoch": 5, "correct": 2, "optimizer_parse_error": null, "seconds": 8.661716606235132}
{"event": "iteration", "iteration": 252, "epoch": 5, "correct": 2, "optimizer_parse_error": null, "seconds": 8.258011355996132}
{"event": "iteration", "iteration": 253, "epoch": 5, "correct": 1, "optimizer_parse_error": "Incomplete/trailing content in question", "seconds": 9.604551434051245}
{"event": "iteration", "iteration": 254, "epoch": 5, "correct": 1, "optimizer_parse_error": null, "seconds": 8.471826701657847}
{"event": "iteration", "iteration": 255, "epoch": 5, "correct": 1, "optimizer_parse_error": null, "seconds": 10.033606324810535}
{"event": "iteration", "iteration": 256, "epoch": 5, "correct": 1, "optimizer_parse_error": null, "seconds": 8.737747928826138}
{"event": "iteration", "iteration": 257, "epoch": 5, "correct": 1, "optimizer_parse_error": null, "seconds": 8.481303232954815}
{"event": "iteration", "iteration": 258, "epoch": 5, "correct": 1, "optimizer_parse_error": null, "seconds": 7.929037326946855}
{"event": "iteration", "iteration": 259, "epoch": 5, "correct": 2, "optimizer_parse_error": null, "seconds": 9.333107351791114}
{"event": "iteration", "iteration": 260, "epoch": 5, "correct": 2, "optimizer_parse_error": null, "seconds": 8.684050563024357}
{"event": "iteration", "iteration": 261, "epoch": 5, "correct": 1, "optimizer_parse_error": null, "seconds": 7.190853809006512}
{"event": "iteration", "iteration": 262, "epoch": 5, "correct": 2, "optimizer_parse_error": null, "seconds": 8.338258350966498}
{"event": "iteration", "iteration": 263, "epoch": 5, "correct": 2, "optimizer_parse_error": null, "seconds": 7.269372820155695}
{"event": "iteration", "iteration": 264, "epoch": 5, "correct": 1, "optimizer_parse_error": null, "seconds": 8.437868854030967}
{"event": "iteration", "iteration": 265, "epoch": 5, "correct": 1, "optimizer_parse_error": null, "seconds": 9.396235995925963}
{"event": "iteration", "iteration": 266, "epoch": 5, "correct": 2, "optimizer_parse_error": "Optimizer did not return 1..5 numbered questions", "seconds": 10.480324710719287}
{"event": "iteration", "iteration": 267, "epoch": 5, "correct": 2, "optimizer_parse_error": "Optimizer did not return 1..5 numbered questions", "seconds": 9.907424985896796}
{"event": "iteration", "iteration": 268, "epoch": 5, "correct": 2, "optimizer_parse_error": null, "seconds": 8.717086364049464}
{"event": "iteration", "iteration": 269, "epoch": 5, "correct": 0, "optimizer_parse_error": null, "seconds": 7.901003767037764}
{"event": "iteration", "iteration": 270, "epoch": 5, "correct": 1, "optimizer_parse_error": null, "seconds": 8.437136820750311}
{"event": "iteration", "iteration": 271, "epoch": 5, "correct": 1, "optimizer_parse_error": null, "seconds": 8.487000896828249}
{"event": "iteration", "iteration": 272, "epoch": 5, "correct": 1, "optimizer_parse_error": null, "seconds": 9.039872048422694}
{"event": "iteration", "iteration": 273, "epoch": 5, "correct": 2, "optimizer_parse_error": null, "seconds": 8.623061974067241}
{"event": "iteration", "iteration": 274, "epoch": 5, "correct": 1, "optimizer_parse_error": null, "seconds": 9.991900023072958}
{"event": "iteration", "iteration": 275, "epoch": 5, "correct": 2, "optimizer_parse_error": null, "seconds": 8.119246788090095}
{"event": "iteration", "iteration": 276, "epoch": 5, "correct": 2, "optimizer_parse_error": null, "seconds": 8.361209862167016}
{"event": "iteration", "iteration": 277, "epoch": 5, "correct": 1, "optimizer_parse_error": null, "seconds": 11.651164478156716}
{"event": "iteration", "iteration": 278, "epoch": 5, "correct": 1, "optimizer_parse_error": null, "seconds": 9.199390778085217}
{"event": "iteration", "iteration": 279, "epoch": 5, "correct": 1, "optimizer_parse_error": null, "seconds": 8.743041595211253}
{"event": "iteration", "iteration": 280, "epoch": 5, "correct": 1, "optimizer_parse_error": null, "seconds": 8.517635754775256}
{"event": "iteration", "iteration": 281, "epoch": 5, "correct": 1, "optimizer_parse_error": null, "seconds": 9.22040482237935}
{"event": "iteration", "iteration": 282, "epoch": 5, "correct": 2, "optimizer_parse_error": null, "seconds": 9.026322750840336}
{"event": "iteration", "iteration": 283, "epoch": 5, "correct": 2, "optimizer_parse_error": null, "seconds": 8.304632667219266}
{"event": "iteration", "iteration": 284, "epoch": 5, "correct": 1, "optimizer_parse_error": null, "seconds": 8.80355572514236}
{"event": "iteration", "iteration": 285, "epoch": 5, "correct": 2, "optimizer_parse_error": null, "seconds": 9.169239668175578}
{"event": "iteration", "iteration": 286, "epoch": 5, "correct": 1, "optimizer_parse_error": null, "seconds": 9.282267320901155}
{"event": "iteration", "iteration": 287, "epoch": 5, "correct": 1, "optimizer_parse_error": null, "seconds": 9.191406045807526}
{"event": "iteration", "iteration": 288, "epoch": 5, "correct": 0, "optimizer_parse_error": null, "seconds": 8.46800005203113}
{"event": "iteration", "iteration": 289, "epoch": 5, "correct": 1, "optimizer_parse_error": null, "seconds": 9.308109844801947}
{"event": "iteration", "iteration": 290, "epoch": 5, "correct": 2, "optimizer_parse_error": null, "seconds": 11.781433650059626}
{"event": "iteration", "iteration": 291, "epoch": 5, "correct": 2, "optimizer_parse_error": null, "seconds": 8.89486830192618}
{"event": "iteration", "iteration": 292, "epoch": 5, "correct": 2, "optimizer_parse_error": null, "seconds": 10.923614484956488}
{"event": "iteration", "iteration": 293, "epoch": 5, "correct": 2, "optimizer_parse_error": null, "seconds": 10.40060098702088}
{"event": "iteration", "iteration": 294, "epoch": 5, "correct": 2, "optimizer_parse_error": null, "seconds": 10.173583632102236}
{"event": "iteration", "iteration": 295, "epoch": 5, "correct": 1, "optimizer_parse_error": null, "seconds": 9.858338539954275}
{"event": "iteration", "iteration": 296, "epoch": 5, "correct": 1, "optimizer_parse_error": null, "seconds": 11.977398321265355}
{"event": "iteration", "iteration": 297, "epoch": 5, "correct": 1, "optimizer_parse_error": null, "seconds": 10.232538717798889}
{"event": "iteration", "iteration": 298, "epoch": 5, "correct": 1, "optimizer_parse_error": null, "seconds": 11.323491722811013}
{"event": "iteration", "iteration": 299, "epoch": 5, "correct": 2, "optimizer_parse_error": null, "seconds": 10.191259446088225}
{"event": "iteration", "iteration": 300, "epoch": 5, "correct": 2, "optimizer_parse_error": null, "seconds": 9.975494186161086}
{"event": "validation", "step": 300, "correct": 11, "total": 17, "accuracy": 0.6470588235294118}
{"event": "iteration", "iteration": 301, "epoch": 6, "correct": 1, "optimizer_parse_error": null, "seconds": 9.175293595297262}
{"event": "iteration", "iteration": 302, "epoch": 6, "correct": 1, "optimizer_parse_error": null, "seconds": 9.763450524769723}
{"event": "iteration", "iteration": 303, "epoch": 6, "correct": 1, "optimizer_parse_error": null, "seconds": 9.690958583028987}
{"event": "iteration", "iteration": 304, "epoch": 6, "correct": 2, "optimizer_parse_error": null, "seconds": 9.529306347714737}
{"event": "iteration", "iteration": 305, "epoch": 6, "correct": 2, "optimizer_parse_error": null, "seconds": 9.505462570115924}
{"event": "iteration", "iteration": 306, "epoch": 6, "correct": 2, "optimizer_parse_error": null, "seconds": 9.972969866124913}
{"event": "iteration", "iteration": 307, "epoch": 6, "correct": 2, "optimizer_parse_error": null, "seconds": 10.000797769753262}
{"event": "iteration", "iteration": 308, "epoch": 6, "correct": 2, "optimizer_parse_error": null, "seconds": 8.598297047894448}
{"event": "iteration", "iteration": 309, "epoch": 6, "correct": 2, "optimizer_parse_error": null, "seconds": 9.7680231500417}
{"event": "iteration", "iteration": 310, "epoch": 6, "correct": 0, "optimizer_parse_error": null, "seconds": 8.452727461000904}
{"event": "iteration", "iteration": 311, "epoch": 6, "correct": 1, "optimizer_parse_error": null, "seconds": 10.201305179158226}
{"event": "iteration", "iteration": 312, "epoch": 6, "correct": 0, "optimizer_parse_error": null, "seconds": 10.92853267583996}
{"event": "iteration", "iteration": 313, "epoch": 6, "correct": 0, "optimizer_parse_error": null, "seconds": 8.751007691957057}
{"event": "iteration", "iteration": 314, "epoch": 6, "correct": 0, "optimizer_parse_error": null, "seconds": 8.196199574973434}
{"event": "iteration", "iteration": 315, "epoch": 6, "correct": 1, "optimizer_parse_error": null, "seconds": 8.11658161599189}
{"event": "iteration", "iteration": 316, "epoch": 6, "correct": 2, "optimizer_parse_error": null, "seconds": 8.292042787885293}
{"event": "iteration", "iteration": 317, "epoch": 6, "correct": 2, "optimizer_parse_error": null, "seconds": 8.495016204658896}
{"event": "iteration", "iteration": 318, "epoch": 6, "correct": 1, "optimizer_parse_error": null, "seconds": 8.942133591044694}
{"event": "iteration", "iteration": 319, "epoch": 6, "correct": 2, "optimizer_parse_error": null, "seconds": 8.773638173006475}
{"event": "iteration", "iteration": 320, "epoch": 6, "correct": 2, "optimizer_parse_error": "Incomplete/trailing content in question", "seconds": 9.765836647013202}
{"event": "iteration", "iteration": 321, "epoch": 6, "correct": 1, "optimizer_parse_error": null, "seconds": 7.998483701841906}
{"event": "iteration", "iteration": 322, "epoch": 6, "correct": 2, "optimizer_parse_error": null, "seconds": 9.488108332036063}
{"event": "iteration", "iteration": 323, "epoch": 6, "correct": 1, "optimizer_parse_error": "Missing or repeated New Prompt Questions marker", "seconds": 7.742126939818263}
{"event": "iteration", "iteration": 324, "epoch": 6, "correct": 0, "optimizer_parse_error": null, "seconds": 7.165820092195645}
{"event": "iteration", "iteration": 325, "epoch": 6, "correct": 2, "optimizer_parse_error": null, "seconds": 10.663791347760707}
{"event": "iteration", "iteration": 326, "epoch": 6, "correct": 2, "optimizer_parse_error": null, "seconds": 8.503901098156348}
{"event": "iteration", "iteration": 327, "epoch": 6, "correct": 1, "optimizer_parse_error": null, "seconds": 9.697081713937223}
{"event": "iteration", "iteration": 328, "epoch": 6, "correct": 1, "optimizer_parse_error": "Optimizer did not return 1..5 numbered questions", "seconds": 12.515262553002685}
{"event": "iteration", "iteration": 329, "epoch": 6, "correct": 1, "optimizer_parse_error": "Missing or repeated New Prompt Questions marker", "seconds": 10.81410985486582}
{"event": "iteration", "iteration": 330, "epoch": 6, "correct": 2, "optimizer_parse_error": null, "seconds": 9.182604311034083}
{"event": "iteration", "iteration": 331, "epoch": 6, "correct": 1, "optimizer_parse_error": null, "seconds": 9.703039912739769}
{"event": "iteration", "iteration": 332, "epoch": 6, "correct": 1, "optimizer_parse_error": "Missing or repeated New Prompt Questions marker", "seconds": 11.602866769069806}
{"event": "iteration", "iteration": 333, "epoch": 6, "correct": 2, "optimizer_parse_error": null, "seconds": 9.96142870374024}
{"event": "iteration", "iteration": 334, "epoch": 6, "correct": 0, "optimizer_parse_error": null, "seconds": 9.486604339675978}
{"event": "iteration", "iteration": 335, "epoch": 6, "correct": 2, "optimizer_parse_error": null, "seconds": 11.106372299836949}
{"event": "iteration", "iteration": 336, "epoch": 6, "correct": 2, "optimizer_parse_error": null, "seconds": 9.360817320877686}
{"event": "iteration", "iteration": 337, "epoch": 6, "correct": 2, "optimizer_parse_error": null, "seconds": 10.15946601727046}
{"event": "iteration", "iteration": 338, "epoch": 6, "correct": 2, "optimizer_parse_error": null, "seconds": 10.698546960949898}
{"event": "iteration", "iteration": 339, "epoch": 6, "correct": 2, "optimizer_parse_error": null, "seconds": 10.063641468062997}
{"event": "iteration", "iteration": 340, "epoch": 6, "correct": 1, "optimizer_parse_error": null, "seconds": 9.611533883027732}
{"event": "iteration", "iteration": 341, "epoch": 6, "correct": 2, "optimizer_parse_error": null, "seconds": 10.409030874958262}
{"event": "iteration", "iteration": 342, "epoch": 6, "correct": 2, "optimizer_parse_error": null, "seconds": 8.988364095101133}
{"event": "iteration", "iteration": 343, "epoch": 6, "correct": 1, "optimizer_parse_error": null, "seconds": 9.862212842097506}
{"event": "iteration", "iteration": 344, "epoch": 6, "correct": 1, "optimizer_parse_error": null, "seconds": 10.162992894882336}
{"event": "iteration", "iteration": 345, "epoch": 6, "correct": 2, "optimizer_parse_error": null, "seconds": 10.919409099733457}
{"event": "iteration", "iteration": 346, "epoch": 6, "correct": 2, "optimizer_parse_error": null, "seconds": 7.990609674947336}
{"event": "iteration", "iteration": 347, "epoch": 6, "correct": 1, "optimizer_parse_error": null, "seconds": 8.912202516803518}
{"event": "iteration", "iteration": 348, "epoch": 6, "correct": 2, "optimizer_parse_error": null, "seconds": 9.236487308284268}
{"event": "iteration", "iteration": 349, "epoch": 6, "correct": 0, "optimizer_parse_error": null, "seconds": 10.673024977790192}
{"event": "iteration", "iteration": 350, "epoch": 6, "correct": 2, "optimizer_parse_error": null, "seconds": 10.213183225132525}
{"event": "iteration", "iteration": 351, "epoch": 6, "correct": 2, "optimizer_parse_error": "Missing or repeated New Prompt Questions marker", "seconds": 9.771535804960877}
{"event": "iteration", "iteration": 352, "epoch": 6, "correct": 1, "optimizer_parse_error": null, "seconds": 10.614802884170786}
{"event": "iteration", "iteration": 353, "epoch": 6, "correct": 0, "optimizer_parse_error": null, "seconds": 10.507966624107212}
{"event": "iteration", "iteration": 354, "epoch": 6, "correct": 2, "optimizer_parse_error": null, "seconds": 9.101738708093762}
{"event": "iteration", "iteration": 355, "epoch": 6, "correct": 1, "optimizer_parse_error": "Incomplete/trailing content in question", "seconds": 10.40512931603007}
{"event": "iteration", "iteration": 356, "epoch": 6, "correct": 1, "optimizer_parse_error": null, "seconds": 9.249083549017087}
{"event": "iteration", "iteration": 357, "epoch": 6, "correct": 1, "optimizer_parse_error": "Optimizer did not return 1..5 numbered questions", "seconds": 11.37268004915677}
{"event": "iteration", "iteration": 358, "epoch": 6, "correct": 1, "optimizer_parse_error": "Incomplete/trailing content in question", "seconds": 10.977473868522793}
{"event": "iteration", "iteration": 359, "epoch": 6, "correct": 2, "optimizer_parse_error": "Missing or repeated New Prompt Questions marker", "seconds": 10.314782328903675}
{"event": "iteration", "iteration": 360, "epoch": 6, "correct": 2, "optimizer_parse_error": "Missing or repeated New Prompt Questions marker", "seconds": 8.953401171136647}
{"event": "iteration", "iteration": 361, "epoch": 7, "correct": 2, "optimizer_parse_error": "Missing or repeated New Prompt Questions marker", "seconds": 10.487370911985636}
{"event": "iteration", "iteration": 362, "epoch": 7, "correct": 2, "optimizer_parse_error": null, "seconds": 9.577283148886636}
{"event": "iteration", "iteration": 363, "epoch": 7, "correct": 2, "optimizer_parse_error": null, "seconds": 7.215551323024556}
{"event": "iteration", "iteration": 364, "epoch": 7, "correct": 1, "optimizer_parse_error": null, "seconds": 7.311627267859876}
{"event": "iteration", "iteration": 365, "epoch": 7, "correct": 1, "optimizer_parse_error": null, "seconds": 8.177154446952045}
{"event": "iteration", "iteration": 366, "epoch": 7, "correct": 2, "optimizer_parse_error": null, "seconds": 9.75350906420499}
{"event": "iteration", "iteration": 367, "epoch": 7, "correct": 1, "optimizer_parse_error": null, "seconds": 10.028566996799782}
{"event": "iteration", "iteration": 368, "epoch": 7, "correct": 0, "optimizer_parse_error": null, "seconds": 9.886834147153422}
{"event": "iteration", "iteration": 369, "epoch": 7, "correct": 2, "optimizer_parse_error": null, "seconds": 7.802798001328483}
{"event": "iteration", "iteration": 370, "epoch": 7, "correct": 1, "optimizer_parse_error": null, "seconds": 9.863025289727375}
{"event": "iteration", "iteration": 371, "epoch": 7, "correct": 2, "optimizer_parse_error": null, "seconds": 9.596598820062354}
{"event": "iteration", "iteration": 372, "epoch": 7, "correct": 2, "optimizer_parse_error": null, "seconds": 9.166262426879257}
{"event": "iteration", "iteration": 373, "epoch": 7, "correct": 1, "optimizer_parse_error": null, "seconds": 9.02573394891806}
{"event": "iteration", "iteration": 374, "epoch": 7, "correct": 1, "optimizer_parse_error": null, "seconds": 8.466503999894485}
{"event": "iteration", "iteration": 375, "epoch": 7, "correct": 0, "optimizer_parse_error": null, "seconds": 8.69114741217345}
{"event": "iteration", "iteration": 376, "epoch": 7, "correct": 0, "optimizer_parse_error": null, "seconds": 8.58185335015878}
{"event": "iteration", "iteration": 377, "epoch": 7, "correct": 1, "optimizer_parse_error": null, "seconds": 10.811313147190958}
{"event": "iteration", "iteration": 378, "epoch": 7, "correct": 1, "optimizer_parse_error": null, "seconds": 9.32316745375283}
{"event": "iteration", "iteration": 379, "epoch": 7, "correct": 1, "optimizer_parse_error": null, "seconds": 12.519927859771997}
{"event": "iteration", "iteration": 380, "epoch": 7, "correct": 0, "optimizer_parse_error": null, "seconds": 11.946307684993371}
{"event": "iteration", "iteration": 381, "epoch": 7, "correct": 2, "optimizer_parse_error": null, "seconds": 10.96199533296749}
{"event": "iteration", "iteration": 382, "epoch": 7, "correct": 1, "optimizer_parse_error": null, "seconds": 10.065265662269667}
{"event": "iteration", "iteration": 383, "epoch": 7, "correct": 2, "optimizer_parse_error": null, "seconds": 10.391393233789131}
{"event": "iteration", "iteration": 384, "epoch": 7, "correct": 1, "optimizer_parse_error": null, "seconds": 10.764485239051282}
{"event": "iteration", "iteration": 385, "epoch": 7, "correct": 2, "optimizer_parse_error": null, "seconds": 10.536397543968633}
{"event": "iteration", "iteration": 386, "epoch": 7, "correct": 2, "optimizer_parse_error": null, "seconds": 10.63641221774742}
{"event": "iteration", "iteration": 387, "epoch": 7, "correct": 2, "optimizer_parse_error": null, "seconds": 9.626364621100947}
{"event": "iteration", "iteration": 388, "epoch": 7, "correct": 0, "optimizer_parse_error": "Incomplete/trailing content in question", "seconds": 12.101604195078835}
{"event": "iteration", "iteration": 389, "epoch": 7, "correct": 1, "optimizer_parse_error": "Incomplete/trailing content in question", "seconds": 10.62186712701805}
{"event": "iteration", "iteration": 390, "epoch": 7, "correct": 2, "optimizer_parse_error": "Missing or repeated New Prompt Questions marker", "seconds": 11.357055481988937}
{"event": "iteration", "iteration": 391, "epoch": 7, "correct": 1, "optimizer_parse_error": null, "seconds": 10.151410384336486}
{"event": "iteration", "iteration": 392, "epoch": 7, "correct": 1, "optimizer_parse_error": null, "seconds": 10.507923112949356}
{"event": "iteration", "iteration": 393, "epoch": 7, "correct": 2, "optimizer_parse_error": "Incomplete/trailing content in question", "seconds": 10.38565430813469}
{"event": "iteration", "iteration": 394, "epoch": 7, "correct": 1, "optimizer_parse_error": "Incomplete/trailing content in question", "seconds": 10.65208653663285}
{"event": "iteration", "iteration": 395, "epoch": 7, "correct": 1, "optimizer_parse_error": null, "seconds": 9.210278834914789}
{"event": "iteration", "iteration": 396, "epoch": 7, "correct": 1, "optimizer_parse_error": null, "seconds": 9.719775537960231}
{"event": "iteration", "iteration": 397, "epoch": 7, "correct": 2, "optimizer_parse_error": null, "seconds": 9.808555516181514}
{"event": "iteration", "iteration": 398, "epoch": 7, "correct": 1, "optimizer_parse_error": null, "seconds": 9.7737784513738}
{"event": "iteration", "iteration": 399, "epoch": 7, "correct": 2, "optimizer_parse_error": null, "seconds": 8.331624212907627}
{"event": "iteration", "iteration": 400, "epoch": 7, "correct": 1, "optimizer_parse_error": null, "seconds": 11.190884032053873}
{"event": "validation", "step": 400, "correct": 11, "total": 17, "accuracy": 0.6470588235294118}
{"event": "iteration", "iteration": 401, "epoch": 7, "correct": 2, "optimizer_parse_error": null, "seconds": 11.120395665988326}
{"event": "iteration", "iteration": 402, "epoch": 7, "correct": 0, "optimizer_parse_error": null, "seconds": 9.7127088829875}
{"event": "iteration", "iteration": 403, "epoch": 7, "correct": 1, "optimizer_parse_error": null, "seconds": 11.219154110876843}
{"event": "iteration", "iteration": 404, "epoch": 7, "correct": 2, "optimizer_parse_error": null, "seconds": 8.219730050070211}
{"event": "iteration", "iteration": 405, "epoch": 7, "correct": 2, "optimizer_parse_error": null, "seconds": 8.831711994949728}
{"event": "iteration", "iteration": 406, "epoch": 7, "correct": 2, "optimizer_parse_error": null, "seconds": 9.181849255925044}
{"event": "iteration", "iteration": 407, "epoch": 7, "correct": 1, "optimizer_parse_error": null, "seconds": 11.534743180964142}
{"event": "iteration", "iteration": 408, "epoch": 7, "correct": 1, "optimizer_parse_error": null, "seconds": 8.796086539048702}
{"event": "iteration", "iteration": 409, "epoch": 7, "correct": 1, "optimizer_parse_error": null, "seconds": 11.202722837915644}
{"event": "iteration", "iteration": 410, "epoch": 7, "correct": 2, "optimizer_parse_error": null, "seconds": 8.508972415700555}
{"event": "iteration", "iteration": 411, "epoch": 7, "correct": 0, "optimizer_parse_error": null, "seconds": 11.204136447981}
{"event": "iteration", "iteration": 412, "epoch": 7, "correct": 1, "optimizer_parse_error": null, "seconds": 10.857944527175277}
{"event": "iteration", "iteration": 413, "epoch": 7, "correct": 2, "optimizer_parse_error": null, "seconds": 10.12593680806458}
{"event": "iteration", "iteration": 414, "epoch": 7, "correct": 2, "optimizer_parse_error": null, "seconds": 11.22334074205719}
{"event": "iteration", "iteration": 415, "epoch": 7, "correct": 1, "optimizer_parse_error": null, "seconds": 11.050497977761552}
{"event": "iteration", "iteration": 416, "epoch": 7, "correct": 1, "optimizer_parse_error": null, "seconds": 9.79624154791236}
{"event": "iteration", "iteration": 417, "epoch": 7, "correct": 2, "optimizer_parse_error": null, "seconds": 10.110035896068439}
{"event": "iteration", "iteration": 418, "epoch": 7, "correct": 2, "optimizer_parse_error": null, "seconds": 10.273877537809312}
{"event": "iteration", "iteration": 419, "epoch": 7, "correct": 1, "optimizer_parse_error": null, "seconds": 11.498976296046749}
{"event": "iteration", "iteration": 420, "epoch": 7, "correct": 1, "optimizer_parse_error": null, "seconds": 10.099429196910933}
{"event": "iteration", "iteration": 421, "epoch": 8, "correct": 1, "optimizer_parse_error": null, "seconds": 10.776642838027328}
{"event": "iteration", "iteration": 422, "epoch": 8, "correct": 2, "optimizer_parse_error": null, "seconds": 10.12237042374909}
{"event": "iteration", "iteration": 423, "epoch": 8, "correct": 0, "optimizer_parse_error": null, "seconds": 12.663060875143856}
{"event": "iteration", "iteration": 424, "epoch": 8, "correct": 1, "optimizer_parse_error": null, "seconds": 10.080575173720717}
{"event": "iteration", "iteration": 425, "epoch": 8, "correct": 2, "optimizer_parse_error": null, "seconds": 11.188033615238965}
{"event": "iteration", "iteration": 426, "epoch": 8, "correct": 1, "optimizer_parse_error": null, "seconds": 9.697416341863573}
{"event": "iteration", "iteration": 427, "epoch": 8, "correct": 1, "optimizer_parse_error": null, "seconds": 8.459158422192559}
{"event": "iteration", "iteration": 428, "epoch": 8, "correct": 2, "optimizer_parse_error": null, "seconds": 10.326666206819937}
{"event": "iteration", "iteration": 429, "epoch": 8, "correct": 1, "optimizer_parse_error": null, "seconds": 11.176009961869568}
{"event": "iteration", "iteration": 430, "epoch": 8, "correct": 1, "optimizer_parse_error": null, "seconds": 10.691034793155268}
{"event": "iteration", "iteration": 431, "epoch": 8, "correct": 2, "optimizer_parse_error": null, "seconds": 11.096165188821033}
{"event": "iteration", "iteration": 432, "epoch": 8, "correct": 2, "optimizer_parse_error": null, "seconds": 10.348468960961327}
{"event": "iteration", "iteration": 433, "epoch": 8, "correct": 1, "optimizer_parse_error": null, "seconds": 13.432126430096105}
{"event": "iteration", "iteration": 434, "epoch": 8, "correct": 0, "optimizer_parse_error": null, "seconds": 12.099494913825765}
{"event": "iteration", "iteration": 435, "epoch": 8, "correct": 2, "optimizer_parse_error": null, "seconds": 9.992094001965597}
{"event": "iteration", "iteration": 436, "epoch": 8, "correct": 2, "optimizer_parse_error": null, "seconds": 10.672534221084788}
{"event": "iteration", "iteration": 437, "epoch": 8, "correct": 2, "optimizer_parse_error": null, "seconds": 11.006591901183128}
{"event": "iteration", "iteration": 438, "epoch": 8, "correct": 2, "optimizer_parse_error": null, "seconds": 8.364428526023403}
{"event": "iteration", "iteration": 439, "epoch": 8, "correct": 2, "optimizer_parse_error": null, "seconds": 9.58554927771911}
{"event": "iteration", "iteration": 440, "epoch": 8, "correct": 2, "optimizer_parse_error": null, "seconds": 8.678868846967816}
{"event": "iteration", "iteration": 441, "epoch": 8, "correct": 0, "optimizer_parse_error": null, "seconds": 8.563763493904844}
{"event": "iteration", "iteration": 442, "epoch": 8, "correct": 2, "optimizer_parse_error": null, "seconds": 8.294873006176203}
{"event": "iteration", "iteration": 443, "epoch": 8, "correct": 2, "optimizer_parse_error": "Incomplete/trailing content in question", "seconds": 10.088343539042398}
{"event": "iteration", "iteration": 444, "epoch": 8, "correct": 2, "optimizer_parse_error": null, "seconds": 8.671945295995101}
{"event": "iteration", "iteration": 445, "epoch": 8, "correct": 1, "optimizer_parse_error": "Missing or repeated New Prompt Questions marker", "seconds": 11.243429594906047}
{"event": "iteration", "iteration": 446, "epoch": 8, "correct": 2, "optimizer_parse_error": "Missing or repeated New Prompt Questions marker", "seconds": 10.689818874699995}
{"event": "iteration", "iteration": 447, "epoch": 8, "correct": 1, "optimizer_parse_error": null, "seconds": 8.825818709097803}
{"event": "iteration", "iteration": 448, "epoch": 8, "correct": 2, "optimizer_parse_error": null, "seconds": 7.98190040118061}
{"event": "iteration", "iteration": 449, "epoch": 8, "correct": 1, "optimizer_parse_error": null, "seconds": 10.066235229605809}
{"event": "iteration", "iteration": 450, "epoch": 8, "correct": 1, "optimizer_parse_error": null, "seconds": 8.499737886944786}
{"event": "iteration", "iteration": 451, "epoch": 8, "correct": 0, "optimizer_parse_error": null, "seconds": 9.071349901845679}
{"event": "iteration", "iteration": 452, "epoch": 8, "correct": 2, "optimizer_parse_error": null, "seconds": 7.859451552852988}
{"event": "iteration", "iteration": 453, "epoch": 8, "correct": 1, "optimizer_parse_error": null, "seconds": 10.171264235628769}
{"event": "iteration", "iteration": 454, "epoch": 8, "correct": 1, "optimizer_parse_error": null, "seconds": 9.56595656182617}
{"event": "iteration", "iteration": 455, "epoch": 8, "correct": 1, "optimizer_parse_error": null, "seconds": 9.074577351799235}
{"event": "iteration", "iteration": 456, "epoch": 8, "correct": 2, "optimizer_parse_error": null, "seconds": 8.86268096929416}
{"event": "iteration", "iteration": 457, "epoch": 8, "correct": 1, "optimizer_parse_error": null, "seconds": 10.623937939293683}
{"event": "iteration", "iteration": 458, "epoch": 8, "correct": 1, "optimizer_parse_error": null, "seconds": 9.455735527910292}
{"event": "iteration", "iteration": 459, "epoch": 8, "correct": 2, "optimizer_parse_error": null, "seconds": 8.315725199179724}
{"event": "iteration", "iteration": 460, "epoch": 8, "correct": 2, "optimizer_parse_error": null, "seconds": 8.031453406903893}
{"event": "iteration", "iteration": 461, "epoch": 8, "correct": 1, "optimizer_parse_error": null, "seconds": 9.021187961334363}
{"event": "iteration", "iteration": 462, "epoch": 8, "correct": 1, "optimizer_parse_error": null, "seconds": 8.868369281757623}
{"event": "iteration", "iteration": 463, "epoch": 8, "correct": 1, "optimizer_parse_error": null, "seconds": 7.320474948966876}
{"event": "iteration", "iteration": 464, "epoch": 8, "correct": 0, "optimizer_parse_error": null, "seconds": 8.619662746787071}
{"event": "iteration", "iteration": 465, "epoch": 8, "correct": 2, "optimizer_parse_error": null, "seconds": 8.365238707745448}
{"event": "iteration", "iteration": 466, "epoch": 8, "correct": 2, "optimizer_parse_error": null, "seconds": 8.65913180122152}
{"event": "iteration", "iteration": 467, "epoch": 8, "correct": 1, "optimizer_parse_error": null, "seconds": 8.792551208054647}
{"event": "iteration", "iteration": 468, "epoch": 8, "correct": 2, "optimizer_parse_error": null, "seconds": 8.06524664326571}
{"event": "iteration", "iteration": 469, "epoch": 8, "correct": 2, "optimizer_parse_error": null, "seconds": 8.018434035824612}
{"event": "iteration", "iteration": 470, "epoch": 8, "correct": 1, "optimizer_parse_error": null, "seconds": 7.715884797275066}
{"event": "iteration", "iteration": 471, "epoch": 8, "correct": 1, "optimizer_parse_error": null, "seconds": 8.627192941959947}
{"event": "iteration", "iteration": 472, "epoch": 8, "correct": 1, "optimizer_parse_error": null, "seconds": 7.68549033603631}
{"event": "iteration", "iteration": 473, "epoch": 8, "correct": 2, "optimizer_parse_error": null, "seconds": 7.231307951267809}
{"event": "iteration", "iteration": 474, "epoch": 8, "correct": 2, "optimizer_parse_error": null, "seconds": 7.325448211049661}
{"event": "iteration", "iteration": 475, "epoch": 8, "correct": 1, "optimizer_parse_error": null, "seconds": 7.839606118155643}
{"event": "iteration", "iteration": 476, "epoch": 8, "correct": 2, "optimizer_parse_error": null, "seconds": 7.474937728838995}
{"event": "iteration", "iteration": 477, "epoch": 8, "correct": 2, "optimizer_parse_error": null, "seconds": 9.688998247729614}
{"event": "iteration", "iteration": 478, "epoch": 8, "correct": 1, "optimizer_parse_error": null, "seconds": 7.4659446778241545}
{"event": "iteration", "iteration": 479, "epoch": 8, "correct": 1, "optimizer_parse_error": null, "seconds": 8.182426944142208}
{"event": "iteration", "iteration": 480, "epoch": 8, "correct": 1, "optimizer_parse_error": null, "seconds": 8.537904907949269}
{"event": "iteration", "iteration": 481, "epoch": 9, "correct": 2, "optimizer_parse_error": null, "seconds": 7.467679374385625}
{"event": "iteration", "iteration": 482, "epoch": 9, "correct": 0, "optimizer_parse_error": null, "seconds": 8.663398036034778}
{"event": "iteration", "iteration": 483, "epoch": 9, "correct": 1, "optimizer_parse_error": null, "seconds": 8.51593566685915}
{"event": "iteration", "iteration": 484, "epoch": 9, "correct": 0, "optimizer_parse_error": null, "seconds": 8.26389157003723}
{"event": "iteration", "iteration": 485, "epoch": 9, "correct": 2, "optimizer_parse_error": null, "seconds": 8.17202279297635}
{"event": "iteration", "iteration": 486, "epoch": 9, "correct": 2, "optimizer_parse_error": null, "seconds": 7.043864354956895}
{"event": "iteration", "iteration": 487, "epoch": 9, "correct": 2, "optimizer_parse_error": null, "seconds": 7.5063903911504894}
{"event": "iteration", "iteration": 488, "epoch": 9, "correct": 1, "optimizer_parse_error": null, "seconds": 7.604454430984333}
{"event": "iteration", "iteration": 489, "epoch": 9, "correct": 2, "optimizer_parse_error": null, "seconds": 8.161454783985391}
{"event": "iteration", "iteration": 490, "epoch": 9, "correct": 0, "optimizer_parse_error": null, "seconds": 7.626569973072037}
{"event": "iteration", "iteration": 491, "epoch": 9, "correct": 2, "optimizer_parse_error": null, "seconds": 7.722265349933878}
{"event": "iteration", "iteration": 492, "epoch": 9, "correct": 2, "optimizer_parse_error": null, "seconds": 8.79179932596162}
{"event": "iteration", "iteration": 493, "epoch": 9, "correct": 2, "optimizer_parse_error": null, "seconds": 8.77720802091062}
{"event": "iteration", "iteration": 494, "epoch": 9, "correct": 1, "optimizer_parse_error": null, "seconds": 10.670273731928319}
{"event": "iteration", "iteration": 495, "epoch": 9, "correct": 1, "optimizer_parse_error": null, "seconds": 9.026612003101036}
{"event": "iteration", "iteration": 496, "epoch": 9, "correct": 1, "optimizer_parse_error": null, "seconds": 8.467562255915254}
{"event": "iteration", "iteration": 497, "epoch": 9, "correct": 2, "optimizer_parse_error": null, "seconds": 8.93410471198149}
{"event": "iteration", "iteration": 498, "epoch": 9, "correct": 1, "optimizer_parse_error": null, "seconds": 7.699058739002794}
{"event": "iteration", "iteration": 499, "epoch": 9, "correct": 2, "optimizer_parse_error": null, "seconds": 7.966685198014602}
{"event": "iteration", "iteration": 500, "epoch": 9, "correct": 1, "optimizer_parse_error": "Optimizer did not return 1..5 numbered questions", "seconds": 9.181639767019078}
{"event": "validation", "step": 500, "correct": 11, "total": 17, "accuracy": 0.6470588235294118}
{"event": "iteration", "iteration": 501, "epoch": 9, "correct": 2, "optimizer_parse_error": null, "seconds": 8.507390811340883}
{"event": "iteration", "iteration": 502, "epoch": 9, "correct": 2, "optimizer_parse_error": null, "seconds": 9.16178439813666}
{"event": "iteration", "iteration": 503, "epoch": 9, "correct": 2, "optimizer_parse_error": null, "seconds": 10.443020143080503}
{"event": "iteration", "iteration": 504, "epoch": 9, "correct": 2, "optimizer_parse_error": null, "seconds": 7.5498317058663815}
{"event": "iteration", "iteration": 505, "epoch": 9, "correct": 0, "optimizer_parse_error": null, "seconds": 7.826322308043018}
{"event": "iteration", "iteration": 506, "epoch": 9, "correct": 1, "optimizer_parse_error": null, "seconds": 7.6006464920938015}
{"event": "iteration", "iteration": 507, "epoch": 9, "correct": 0, "optimizer_parse_error": null, "seconds": 10.541981052840129}
{"event": "iteration", "iteration": 508, "epoch": 9, "correct": 1, "optimizer_parse_error": null, "seconds": 9.146949579939246}
{"event": "iteration", "iteration": 509, "epoch": 9, "correct": 1, "optimizer_parse_error": null, "seconds": 9.479071737034246}
{"event": "iteration", "iteration": 510, "epoch": 9, "correct": 1, "optimizer_parse_error": null, "seconds": 9.69630237412639}
{"event": "iteration", "iteration": 511, "epoch": 9, "correct": 0, "optimizer_parse_error": "Missing or repeated New Prompt Questions marker", "seconds": 8.873429751954973}
{"event": "iteration", "iteration": 512, "epoch": 9, "correct": 2, "optimizer_parse_error": null, "seconds": 9.748007419053465}
{"event": "iteration", "iteration": 513, "epoch": 9, "correct": 2, "optimizer_parse_error": null, "seconds": 9.236471176147461}
{"event": "iteration", "iteration": 514, "epoch": 9, "correct": 1, "optimizer_parse_error": null, "seconds": 8.647261263104156}
{"event": "iteration", "iteration": 515, "epoch": 9, "correct": 0, "optimizer_parse_error": null, "seconds": 10.416061631869525}
{"event": "iteration", "iteration": 516, "epoch": 9, "correct": 2, "optimizer_parse_error": null, "seconds": 8.752206085948274}
{"event": "iteration", "iteration": 517, "epoch": 9, "correct": 2, "optimizer_parse_error": null, "seconds": 9.233966500032693}
{"event": "iteration", "iteration": 518, "epoch": 9, "correct": 2, "optimizer_parse_error": null, "seconds": 10.209181217011064}
{"event": "iteration", "iteration": 519, "epoch": 9, "correct": 1, "optimizer_parse_error": null, "seconds": 7.544687387067825}
{"event": "iteration", "iteration": 520, "epoch": 9, "correct": 2, "optimizer_parse_error": null, "seconds": 10.618108662776649}
{"event": "iteration", "iteration": 521, "epoch": 9, "correct": 1, "optimizer_parse_error": null, "seconds": 8.803939545759931}
{"event": "iteration", "iteration": 522, "epoch": 9, "correct": 2, "optimizer_parse_error": null, "seconds": 9.30807068804279}
{"event": "iteration", "iteration": 523, "epoch": 9, "correct": 2, "optimizer_parse_error": null, "seconds": 9.288059394108132}
{"event": "iteration", "iteration": 524, "epoch": 9, "correct": 1, "optimizer_parse_error": null, "seconds": 8.946309510851279}
{"event": "iteration", "iteration": 525, "epoch": 9, "correct": 2, "optimizer_parse_error": null, "seconds": 8.809877368388698}
{"event": "iteration", "iteration": 526, "epoch": 9, "correct": 1, "optimizer_parse_error": null, "seconds": 9.286714960122481}
{"event": "iteration", "iteration": 527, "epoch": 9, "correct": 1, "optimizer_parse_error": null, "seconds": 11.336477036820725}
{"event": "iteration", "iteration": 528, "epoch": 9, "correct": 2, "optimizer_parse_error": null, "seconds": 7.7778373546898365}
{"event": "iteration", "iteration": 529, "epoch": 9, "correct": 2, "optimizer_parse_error": null, "seconds": 10.222405658103526}
{"event": "iteration", "iteration": 530, "epoch": 9, "correct": 1, "optimizer_parse_error": null, "seconds": 8.350425831973553}
{"event": "iteration", "iteration": 531, "epoch": 9, "correct": 2, "optimizer_parse_error": null, "seconds": 8.57682619895786}
{"event": "iteration", "iteration": 532, "epoch": 9, "correct": 1, "optimizer_parse_error": null, "seconds": 9.505943680880591}
{"event": "iteration", "iteration": 533, "epoch": 9, "correct": 1, "optimizer_parse_error": null, "seconds": 8.825354732805863}
{"event": "iteration", "iteration": 534, "epoch": 9, "correct": 1, "optimizer_parse_error": null, "seconds": 7.795199406100437}
{"event": "iteration", "iteration": 535, "epoch": 9, "correct": 1, "optimizer_parse_error": null, "seconds": 9.72401419095695}
{"event": "iteration", "iteration": 536, "epoch": 9, "correct": 1, "optimizer_parse_error": null, "seconds": 8.057448911014944}
{"event": "iteration", "iteration": 537, "epoch": 9, "correct": 0, "optimizer_parse_error": null, "seconds": 10.217267269967124}
{"event": "iteration", "iteration": 538, "epoch": 9, "correct": 1, "optimizer_parse_error": null, "seconds": 8.188714558025822}
{"event": "iteration", "iteration": 539, "epoch": 9, "correct": 2, "optimizer_parse_error": null, "seconds": 8.542104864027351}
{"event": "iteration", "iteration": 540, "epoch": 9, "correct": 1, "optimizer_parse_error": "Optimizer did not return 1..5 numbered questions", "seconds": 9.824920556973666}
{"event": "iteration", "iteration": 541, "epoch": 10, "correct": 1, "optimizer_parse_error": null, "seconds": 8.482555434806272}
{"event": "iteration", "iteration": 542, "epoch": 10, "correct": 1, "optimizer_parse_error": null, "seconds": 9.74898589705117}
{"event": "iteration", "iteration": 543, "epoch": 10, "correct": 1, "optimizer_parse_error": null, "seconds": 8.140680335927755}
{"event": "iteration", "iteration": 544, "epoch": 10, "correct": 1, "optimizer_parse_error": null, "seconds": 9.980207035085186}
{"event": "iteration", "iteration": 545, "epoch": 10, "correct": 1, "optimizer_parse_error": "Optimizer did not return 1..5 numbered questions", "seconds": 9.618897857842967}
{"event": "iteration", "iteration": 546, "epoch": 10, "correct": 0, "optimizer_parse_error": null, "seconds": 8.115660128882155}
{"event": "iteration", "iteration": 547, "epoch": 10, "correct": 1, "optimizer_parse_error": null, "seconds": 9.071296378038824}
{"event": "iteration", "iteration": 548, "epoch": 10, "correct": 1, "optimizer_parse_error": null, "seconds": 8.568619013763964}
{"event": "iteration", "iteration": 549, "epoch": 10, "correct": 2, "optimizer_parse_error": null, "seconds": 9.799542139284313}
{"event": "iteration", "iteration": 550, "epoch": 10, "correct": 2, "optimizer_parse_error": "Optimizer did not return 1..5 numbered questions", "seconds": 9.069455935852602}
{"event": "iteration", "iteration": 551, "epoch": 10, "correct": 1, "optimizer_parse_error": "Optimizer did not return 1..5 numbered questions", "seconds": 10.535784005187452}
{"event": "iteration", "iteration": 552, "epoch": 10, "correct": 2, "optimizer_parse_error": null, "seconds": 9.120575511362404}
{"event": "iteration", "iteration": 553, "epoch": 10, "correct": 1, "optimizer_parse_error": null, "seconds": 8.560766284819692}
{"event": "iteration", "iteration": 554, "epoch": 10, "correct": 2, "optimizer_parse_error": null, "seconds": 8.341020846739411}
{"event": "iteration", "iteration": 555, "epoch": 10, "correct": 0, "optimizer_parse_error": null, "seconds": 9.535140869906172}
{"event": "iteration", "iteration": 556, "epoch": 10, "correct": 2, "optimizer_parse_error": null, "seconds": 8.674586718901992}
{"event": "iteration", "iteration": 557, "epoch": 10, "correct": 2, "optimizer_parse_error": null, "seconds": 10.402219811221585}
{"event": "iteration", "iteration": 558, "epoch": 10, "correct": 2, "optimizer_parse_error": null, "seconds": 10.807270671706647}
{"event": "iteration", "iteration": 559, "epoch": 10, "correct": 1, "optimizer_parse_error": null, "seconds": 9.98322124616243}
{"event": "iteration", "iteration": 560, "epoch": 10, "correct": 0, "optimizer_parse_error": null, "seconds": 8.599785221042112}
{"event": "iteration", "iteration": 561, "epoch": 10, "correct": 1, "optimizer_parse_error": null, "seconds": 11.12351795611903}
{"event": "iteration", "iteration": 562, "epoch": 10, "correct": 2, "optimizer_parse_error": null, "seconds": 9.66330264089629}
{"event": "iteration", "iteration": 563, "epoch": 10, "correct": 0, "optimizer_parse_error": null, "seconds": 10.765843651024625}
{"event": "iteration", "iteration": 564, "epoch": 10, "correct": 1, "optimizer_parse_error": null, "seconds": 10.766320995055139}
{"event": "iteration", "iteration": 565, "epoch": 10, "correct": 2, "optimizer_parse_error": "Optimizer did not return 1..5 numbered questions", "seconds": 11.996422535041347}
{"event": "iteration", "iteration": 566, "epoch": 10, "correct": 1, "optimizer_parse_error": null, "seconds": 9.148448746884242}
{"event": "iteration", "iteration": 567, "epoch": 10, "correct": 2, "optimizer_parse_error": null, "seconds": 10.466636532684788}
{"event": "iteration", "iteration": 568, "epoch": 10, "correct": 1, "optimizer_parse_error": null, "seconds": 9.251019616611302}
{"event": "iteration", "iteration": 569, "epoch": 10, "correct": 2, "optimizer_parse_error": null, "seconds": 9.653655071975663}
{"event": "iteration", "iteration": 570, "epoch": 10, "correct": 2, "optimizer_parse_error": null, "seconds": 9.523302856832743}
{"event": "iteration", "iteration": 571, "epoch": 10, "correct": 2, "optimizer_parse_error": null, "seconds": 9.163823837414384}
{"event": "iteration", "iteration": 572, "epoch": 10, "correct": 2, "optimizer_parse_error": null, "seconds": 8.50175156001933}
{"event": "iteration", "iteration": 573, "epoch": 10, "correct": 1, "optimizer_parse_error": null, "seconds": 9.313816734822467}
{"event": "iteration", "iteration": 574, "epoch": 10, "correct": 2, "optimizer_parse_error": null, "seconds": 9.16527057508938}
{"event": "iteration", "iteration": 575, "epoch": 10, "correct": 1, "optimizer_parse_error": null, "seconds": 9.252284809015691}
{"event": "iteration", "iteration": 576, "epoch": 10, "correct": 2, "optimizer_parse_error": null, "seconds": 8.614617290906608}
{"event": "iteration", "iteration": 577, "epoch": 10, "correct": 2, "optimizer_parse_error": null, "seconds": 9.92712175892666}
{"event": "iteration", "iteration": 578, "epoch": 10, "correct": 1, "optimizer_parse_error": null, "seconds": 9.973982100840658}
{"event": "iteration", "iteration": 579, "epoch": 10, "correct": 1, "optimizer_parse_error": null, "seconds": 10.286373287206516}
{"event": "iteration", "iteration": 580, "epoch": 10, "correct": 2, "optimizer_parse_error": null, "seconds": 8.625136081129313}
{"event": "iteration", "iteration": 581, "epoch": 10, "correct": 2, "optimizer_parse_error": null, "seconds": 8.47461513383314}
{"event": "iteration", "iteration": 582, "epoch": 10, "correct": 1, "optimizer_parse_error": null, "seconds": 8.15901411511004}
{"event": "iteration", "iteration": 583, "epoch": 10, "correct": 1, "optimizer_parse_error": "Incomplete/trailing content in question", "seconds": 11.300814822083339}
{"event": "iteration", "iteration": 584, "epoch": 10, "correct": 2, "optimizer_parse_error": "Optimizer did not return 1..5 numbered questions", "seconds": 12.39545418904163}
{"event": "iteration", "iteration": 585, "epoch": 10, "correct": 1, "optimizer_parse_error": null, "seconds": 11.135632625315338}
{"event": "iteration", "iteration": 586, "epoch": 10, "correct": 1, "optimizer_parse_error": null, "seconds": 8.868070812895894}
{"event": "iteration", "iteration": 587, "epoch": 10, "correct": 0, "optimizer_parse_error": "Incomplete/trailing content in question", "seconds": 10.719102367991582}
{"event": "iteration", "iteration": 588, "epoch": 10, "correct": 1, "optimizer_parse_error": null, "seconds": 9.636910953791812}
{"event": "iteration", "iteration": 589, "epoch": 10, "correct": 1, "optimizer_parse_error": null, "seconds": 9.684568495722488}
{"event": "iteration", "iteration": 590, "epoch": 10, "correct": 1, "optimizer_parse_error": null, "seconds": 11.145008926047012}
{"event": "iteration", "iteration": 591, "epoch": 10, "correct": 2, "optimizer_parse_error": "Missing or repeated New Prompt Questions marker", "seconds": 10.529829370090738}
{"event": "iteration", "iteration": 592, "epoch": 10, "correct": 2, "optimizer_parse_error": null, "seconds": 10.695815419778228}
{"event": "iteration", "iteration": 593, "epoch": 10, "correct": 1, "optimizer_parse_error": null, "seconds": 9.251833794172853}
{"event": "iteration", "iteration": 594, "epoch": 10, "correct": 1, "optimizer_parse_error": "Missing or repeated New Prompt Questions marker", "seconds": 10.43039790331386}
{"event": "iteration", "iteration": 595, "epoch": 10, "correct": 1, "optimizer_parse_error": "Incomplete/trailing content in question", "seconds": 11.434769792016596}
{"event": "iteration", "iteration": 596, "epoch": 10, "correct": 2, "optimizer_parse_error": null, "seconds": 10.764045431045815}
{"event": "iteration", "iteration": 597, "epoch": 10, "correct": 2, "optimizer_parse_error": null, "seconds": 8.455593701917678}
{"event": "iteration", "iteration": 598, "epoch": 10, "correct": 2, "optimizer_parse_error": null, "seconds": 8.620172841241583}
{"event": "iteration", "iteration": 599, "epoch": 10, "correct": 2, "optimizer_parse_error": null, "seconds": 9.392771343933418}
{"event": "iteration", "iteration": 600, "epoch": 10, "correct": 1, "optimizer_parse_error": null, "seconds": 8.540320227155462}
{"event": "validation", "step": 600, "correct": 11, "total": 17, "accuracy": 0.6470588235294118}
TRAINING COMPLETE
