{
  "verification": {
    "status": "passed",
    "frames": 16862,
    "videos": 37,
    "exact_frame_coverage": true,
    "four_stage_metrics_independently_recomputed": true,
    "frozen_source_and_question_hashes_verified": true,
    "common_support_frames": 6252,
    "common_support_videos": 14
  },
  "comparison": {
    "scope": "exact common frames: original testing videos that are held out in the new split; excludes all new training/validation videos and original training videos",
    "frames": 6252,
    "videos": 14,
    "stage1_public_UCF_questions": {
      "scenes": {
        "R01": {
          "frames": 928,
          "auroc": 50.0,
          "auprc": 44.612068965517246
        },
        "R02": {
          "frames": 1714,
          "auroc": 50.0,
          "auprc": 24.387397899649944
        },
        "R03": {
          "frames": 2121,
          "auroc": 50.0,
          "auprc": 63.22489391796322
        },
        "R04": {
          "frames": 1489,
          "auroc": 61.32743362831859,
          "auprc": 81.35197941244641
        }
      },
      "pooled": {
        "frames": 6252,
        "auroc": 53.87526491068726,
        "auprc": 56.48693417198232
      },
      "macro": {
        "auroc": 52.83185840707965,
        "auprc": 53.394085048894205
      }
    },
    "stage3_selected_questions": {
      "scenes": {
        "R01": {
          "frames": 928,
          "auroc": 50.0,
          "auprc": 44.612068965517246
        },
        "R02": {
          "frames": 1714,
          "auroc": 50.0,
          "auprc": 24.387397899649944
        },
        "R03": {
          "frames": 2121,
          "auroc": 50.0,
          "auprc": 63.22489391796322
        },
        "R04": {
          "frames": 1489,
          "auroc": 50.0,
          "auprc": 75.88985896574883
        }
      },
      "pooled": {
        "frames": 6252,
        "auroc": 50.0,
        "auprc": 52.831094049904024
      },
      "macro": {
        "auroc": 50.0,
        "auprc": 52.02855493721981
      }
    },
    "stage1_scores_sha256": "1ea6a65015b6ef0f79323b6597cc740bf21d307acd5df962baf08fab24510235"
  }
}
