{
  "status": "passed",
  "iterations": 600,
  "epochs": [
    {
      "epoch": 1,
      "iterations": 60,
      "videos": 120,
      "online_correct": 84,
      "online_accuracy": 0.7,
      "invalid_optimizer_outputs": 14
    },
    {
      "epoch": 2,
      "iterations": 60,
      "videos": 120,
      "online_correct": 85,
      "online_accuracy": 0.7083333333333334,
      "invalid_optimizer_outputs": 12
    },
    {
      "epoch": 3,
      "iterations": 60,
      "videos": 120,
      "online_correct": 89,
      "online_accuracy": 0.7416666666666667,
      "invalid_optimizer_outputs": 3
    },
    {
      "epoch": 4,
      "iterations": 60,
      "videos": 120,
      "online_correct": 83,
      "online_accuracy": 0.6916666666666667,
      "invalid_optimizer_outputs": 4
    },
    {
      "epoch": 5,
      "iterations": 60,
      "videos": 120,
      "online_correct": 84,
      "online_accuracy": 0.7,
      "invalid_optimizer_outputs": 4
    },
    {
      "epoch": 6,
      "iterations": 60,
      "videos": 120,
      "online_correct": 82,
      "online_accuracy": 0.6833333333333333,
      "invalid_optimizer_outputs": 11
    },
    {
      "epoch": 7,
      "iterations": 60,
      "videos": 120,
      "online_correct": 78,
      "online_accuracy": 0.65,
      "invalid_optimizer_outputs": 6
    },
    {
      "epoch": 8,
      "iterations": 60,
      "videos": 120,
      "online_correct": 83,
      "online_accuracy": 0.6916666666666667,
      "invalid_optimizer_outputs": 3
    },
    {
      "epoch": 9,
      "iterations": 60,
      "videos": 120,
      "online_correct": 79,
      "online_accuracy": 0.6583333333333333,
      "invalid_optimizer_outputs": 3
    },
    {
      "epoch": 10,
      "iterations": 60,
      "videos": 120,
      "online_correct": 81,
      "online_accuracy": 0.675,
      "invalid_optimizer_outputs": 10
    }
  ],
  "train_videos": 120,
  "validation_videos": 17,
  "learner_predictions": 1200,
  "learner_attempts": 1202,
  "uncommitted_learner_attempts": 2,
  "validation_predictions": 119,
  "questions_changed": 382,
  "optimizer_parse_failures": {
    "Optimizer did not return 1..5 numbered questions": 32,
    "Missing or repeated New Prompt Questions marker": 20,
    "Incomplete/trailing content in question": 18
  },
  "invalid_optimizer_total": 70,
  "valid_optimizer_updates": 530,
  "validation": [
    {
      "step": 0,
      "correct": 11,
      "total": 17,
      "accuracy": 0.6470588235294118,
      "tp": 0,
      "fp": 0,
      "tn": 11,
      "fn": 6
    },
    {
      "step": 100,
      "correct": 11,
      "total": 17,
      "accuracy": 0.6470588235294118,
      "tp": 2,
      "fp": 2,
      "tn": 9,
      "fn": 4
    },
    {
      "step": 200,
      "correct": 11,
      "total": 17,
      "accuracy": 0.6470588235294118,
      "tp": 0,
      "fp": 0,
      "tn": 11,
      "fn": 6
    },
    {
      "step": 300,
      "correct": 11,
      "total": 17,
      "accuracy": 0.6470588235294118,
      "tp": 0,
      "fp": 0,
      "tn": 11,
      "fn": 6
    },
    {
      "step": 400,
      "correct": 11,
      "total": 17,
      "accuracy": 0.6470588235294118,
      "tp": 0,
      "fp": 0,
      "tn": 11,
      "fn": 6
    },
    {
      "step": 500,
      "correct": 11,
      "total": 17,
      "accuracy": 0.6470588235294118,
      "tp": 1,
      "fp": 1,
      "tn": 10,
      "fn": 5
    },
    {
      "step": 600,
      "correct": 11,
      "total": 17,
      "accuracy": 0.6470588235294118,
      "tp": 0,
      "fp": 0,
      "tn": 11,
      "fn": 6
    }
  ],
  "total_model_seconds": 5698.603755114833,
  "test_videos_used_in_training_or_selection": 0,
  "parameter_updates": 0,
  "source_hashes_verified": true,
  "note": "Training accuracy describes changing questions online; it is not fixed-model evaluation. Invalid optimizer output retains previous questions.",
  "runtime_scope": "model.chat only, after image decoding/preprocessing/tensor transfer; excludes model loading, hashing and log I/O. Reserved VRAM includes shared-process allocator cache from previous calls.",
  "runtime_by_role": {
    "learner": {
      "calls": 1202,
      "sum_seconds": 2354.414956148714,
      "mean_seconds": 1.9587478836511762,
      "p95_seconds": 2.662074699532241,
      "peak_allocated_gib": 18.76748514175415,
      "peak_reserved_gib": 88.966796875
    },
    "optimizer": {
      "calls": 600,
      "sum_seconds": 3348.8777812442277,
      "mean_seconds": 5.58146296874038,
      "p95_seconds": 7.026497766864486,
      "peak_allocated_gib": 25.083497047424316,
      "peak_reserved_gib": 91.81640625
    },
    "validation": {
      "calls": 119,
      "sum_seconds": 240.02400098415092,
      "mean_seconds": 2.01700841163152,
      "p95_seconds": 2.62645950964652,
      "peak_allocated_gib": 18.61894702911377,
      "peak_reserved_gib": 66.884765625
    }
  }
}
