{"event": "bootstrap_scene_complete", "scene": "R01"}
{"event": "bootstrap_scene_complete", "scene": "R02"}
{"event": "bootstrap_scene_complete", "scene": "R03"}
{"event": "bootstrap_scene_complete", "scene": "R04"}
{"event": "bootstrap_scene_complete", "scene": "pooled"}
{"event": "permutation_progress", "draws": 50}
{"event": "permutation_progress", "draws": 100}
{"event": "permutation_progress", "draws": 150}
{"event": "permutation_progress", "draws": 200}
{
  "event": "analysis_complete",
  "primary_macro_initial": {
    "auroc": {
      "point": 0.0,
      "low": 0.0,
      "high": 0.0,
      "valid_resamples": 1566,
      "undefined_resamples": 434
    },
    "ap": {
      "point": 0.0,
      "low": 0.0,
      "high": 0.0,
      "valid_resamples": 1566,
      "undefined_resamples": 434
    }
  }
}
