{
  "prepared": true,
  "references": {
    "R01": [
      [
        "R01/testing/14",
        28
      ],
      [
        "R01/training/10",
        88
      ],
      [
        "R01/training/20",
        142
      ],
      [
        "R01/training/31",
        203
      ]
    ],
    "R02": [
      [
        "R02/training/03",
        68
      ],
      [
        "R02/training/13",
        221
      ],
      [
        "R02/training/18",
        361
      ],
      [
        "R02/training/27",
        514
      ]
    ],
    "R03": [
      [
        "R03/training/03",
        90
      ],
      [
        "R03/training/08",
        265
      ],
      [
        "R03/training/12",
        465
      ],
      [
        "R03/training/17",
        598
      ]
    ],
    "R04": [
      [
        "R04/training/04",
        50
      ],
      [
        "R04/training/09",
        156
      ],
      [
        "R04/training/14",
        201
      ],
      [
        "R04/training/22",
        331
      ]
    ]
  },
  "preflight": [
    "R01/testing/11",
    "R02/testing/01",
    "R03/testing/17",
    "R04/training/01"
  ],
  "protected": 10284
}
